› Planning build
› Executing react-native Pods/hermes-engine » [CP-User] [Hermes] Replace Hermes for the right configuration, if needed
› Preparing Pods/SDWebImage-SDWebImage » ResourceBundle-SDWebImage-SDWebImage-Info.plist
› Compiling react-native Pods/glog » vlog_is_on.cc
› Compiling react-native Pods/glog » utilities.cc
› Compiling react-native Pods/glog » symbolize.cc
› Compiling react-native Pods/glog » signalhandler.cc
› Compiling react-native Pods/glog » raw_logging.cc
› Compiling react-native Pods/glog » logging.cc
› Compiling react-native Pods/glog » demangle.cc
› Compiling react-native Pods/fmt » format.cc
› Compiling react-native Pods/Yoga » YGPixelGrid.cpp
› Compiling react-native Pods/Yoga » event.cpp
› Compiling react-native Pods/Yoga » YGValue.cpp
› Compiling react-native Pods/Yoga » YGNodeStyle.cpp
› Compiling react-native Pods/Yoga » YGNodeLayout.cpp
› Compiling react-native Pods/Yoga » YGNode.cpp
› Compiling react-native Pods/Yoga » YGEnums.cpp
› Compiling react-native Pods/Yoga » YGConfig.cpp
› Compiling react-native Pods/Yoga » PixelGrid.cpp
› Compiling react-native Pods/Yoga » Node.cpp
› Compiling react-native Pods/Yoga » Log.cpp
› Compiling react-native Pods/Yoga » LayoutResults.cpp
› Compiling react-native Pods/Yoga » FlexLine.cpp
› Compiling react-native Pods/Yoga » Config.cpp
› Compiling react-native Pods/Yoga » CalculateLayout.cpp
› Compiling react-native Pods/Yoga » Cache.cpp
› Compiling react-native Pods/Yoga » Baseline.cpp
› Compiling react-native Pods/Yoga » AssertFatal.cpp
› Compiling react-native Pods/Yoga » AbsoluteLayout.cpp
› Compiling react-native Pods/React-perflogger » BridgeNativeModulePerfLogger.cpp
› Compiling react-native Pods/React-nativeconfig » ReactNativeConfig.cpp
› Compiling react-native Pods/React-logger » react_native_log.cpp
› Compiling react-native Pods/React-featureflags » ReactNativeFeatureFlagsAccessor.cpp
› Compiling react-native Pods/React-featureflags » ReactNativeFeatureFlags.cpp
› Compiling react-native Pods/React-debug » react_native_assert.cpp
› Compiling expo-image-manipulator Pods/libwebp » yuv_sse2.c
› Compiling expo-image-manipulator Pods/libwebp » yuv_mips_dsp_r2.c
› Compiling expo-image-manipulator Pods/libwebp » yuv_mips32.c
› Compiling expo-image-manipulator Pods/libwebp » upsampling_sse41.c
› Compiling expo-image-manipulator Pods/libwebp » upsampling_sse2.c
› Compiling expo-image-manipulator Pods/libwebp » upsampling_mips_dsp_r2.c
› Compiling expo-image-manipulator Pods/libwebp » upsampling.c
› Compiling expo-image-manipulator Pods/libwebp » ssim_sse2.c
› Compiling expo-image-manipulator Pods/libwebp » sharpyuv_sse2.c
› Compiling expo-image-manipulator Pods/libwebp » upsampling_msa.c
› Compiling expo-image-manipulator Pods/libwebp » tree_enc.c
› Compiling expo-image-manipulator Pods/libwebp » tree_dec.c
› Compiling expo-image-manipulator Pods/libwebp » thread_utils.c
› Compiling expo-image-manipulator Pods/libwebp » syntax_enc.c
› Compiling expo-image-manipulator Pods/libwebp » sharpyuv_gamma.c
› Compiling expo-image-manipulator Pods/libwebp » sharpyuv_csp.c
› Compiling expo-image-manipulator Pods/libwebp » sharpyuv_cpu.c
› Compiling expo-image-manipulator Pods/libwebp » yuv.c
› Compiling expo-image-manipulator Pods/libwebp » webp_enc.c
› Compiling expo-image-manipulator Pods/libwebp » webp_dec.c
› Compiling expo-image-manipulator Pods/libwebp » vp8l_enc.c
› Compiling expo-image-manipulator Pods/libwebp » vp8l_dec.c
› Compiling expo-image-manipulator Pods/libwebp » vp8_dec.c
› Compiling expo-image-manipulator Pods/libwebp » utils.c
› Compiling expo-image-manipulator Pods/libwebp » token_enc.c
› Compiling expo-image-manipulator Pods/libwebp » ssim.c
› Compiling expo-image-manipulator Pods/libwebp » sharpyuv_dsp.c
› Compiling expo-image-manipulator Pods/libwebp » rescaler_sse2.c
› Compiling expo-image-manipulator Pods/libwebp » sharpyuv.c
› Compiling expo-image-manipulator Pods/libwebp » rescaler_utils.c
› Compiling expo-image-manipulator Pods/libwebp » rescaler_msa.c
› Compiling expo-image-manipulator Pods/libwebp » rescaler_mips_dsp_r2.c
› Compiling expo-image-manipulator Pods/libwebp » rescaler_mips32.c
› Compiling expo-image-manipulator Pods/libwebp » rescaler.c
› Compiling expo-image-manipulator Pods/libwebp » random_utils.c
› Compiling expo-image-manipulator Pods/libwebp » quant_levels_utils.c
› Compiling expo-image-manipulator Pods/libwebp » quant_levels_dec_utils.c
› Compiling expo-image-manipulator Pods/libwebp » quant_dec.c
› Compiling expo-image-manipulator Pods/libwebp » picture_tools_enc.c
› Compiling expo-image-manipulator Pods/libwebp » picture_rescale_enc.c
› Compiling expo-image-manipulator Pods/libwebp » predictor_enc.c
› Compiling expo-image-manipulator Pods/libwebp » picture_psnr_enc.c
› Compiling expo-image-manipulator Pods/libwebp » picture_enc.c
› Compiling expo-image-manipulator Pods/libwebp » yuv_neon.c
› Compiling expo-image-manipulator Pods/libwebp » upsampling_neon.c
› Compiling expo-image-manipulator Pods/libwebp » sharpyuv_neon.c
› Compiling expo-image-manipulator Pods/libwebp » rescaler_neon.c
› Compiling expo-image-manipulator Pods/libwebp » quant_enc.c
› Compiling expo-image-manipulator Pods/libwebp » picture_csp_enc.c
› Compiling expo-image-manipulator Pods/libwebp » palette.c
› Compiling expo-image-manipulator Pods/libwebp » near_lossless_enc.c
› Compiling expo-image-manipulator Pods/libwebp » muxread.c
› Compiling expo-image-manipulator Pods/libwebp » muxinternal.c
› Compiling expo-image-manipulator Pods/libwebp » muxedit.c
› Compiling expo-image-manipulator Pods/libwebp » lossless_sse41.c
› Compiling expo-image-manipulator Pods/libwebp » lossless_sse2.c
› Compiling expo-image-manipulator Pods/libwebp » lossless_neon.c
› Compiling expo-image-manipulator Pods/libwebp » lossless_msa.c
› Compiling expo-image-manipulator Pods/libwebp » lossless_mips_dsp_r2.c
› Compiling expo-image-manipulator Pods/libwebp » lossless_enc_sse41.c
› Compiling expo-image-manipulator Pods/libwebp » lossless_enc_sse2.c
› Compiling expo-image-manipulator Pods/libwebp » lossless_enc_msa.c
› Compiling expo-image-manipulator Pods/libwebp » lossless_enc_mips_dsp_r2.c
› Compiling expo-image-manipulator Pods/libwebp » lossless_enc_mips32.c
› Compiling expo-image-manipulator Pods/libwebp » lossless_enc.c
› Compiling expo-image-manipulator Pods/libwebp » lossless.c
› Compiling expo-image-manipulator Pods/libwebp » iterator_enc.c
› Compiling expo-image-manipulator Pods/libwebp » io_dec.c
› Compiling expo-image-manipulator Pods/libwebp » lossless_enc_neon.c
› Compiling expo-image-manipulator Pods/libwebp » huffman_utils.c
› Compiling expo-image-manipulator Pods/libwebp » huffman_encode_utils.c
› Compiling expo-image-manipulator Pods/libwebp » idec_dec.c
› Compiling expo-image-manipulator Pods/libwebp » frame_enc.c
› Compiling expo-image-manipulator Pods/libwebp » frame_dec.c
› Compiling expo-image-manipulator Pods/libwebp » filters_utils.c
› Compiling expo-image-manipulator Pods/libwebp » filters_sse2.c
› Compiling expo-image-manipulator Pods/libwebp » filters_neon.c
› Compiling expo-image-manipulator Pods/libwebp » filters_msa.c
› Compiling expo-image-manipulator Pods/libwebp » histogram_enc.c
› Compiling expo-image-manipulator Pods/libwebp » filters_mips_dsp_r2.c
› Compiling expo-image-manipulator Pods/libwebp » filters.c
› Compiling expo-image-manipulator Pods/libwebp » enc_sse41.c
› Compiling expo-image-manipulator Pods/libwebp » filter_enc.c
› Compiling expo-image-manipulator Pods/libwebp » enc_sse2.c
› Compiling expo-image-manipulator Pods/libwebp » enc_neon.c
› Compiling expo-image-manipulator Pods/libwebp » enc_mips_dsp_r2.c
› Compiling expo-image-manipulator Pods/libwebp » enc_mips32.c
› Compiling expo-image-manipulator Pods/libwebp » enc.c
› Compiling expo-image-manipulator Pods/libwebp » demux.c
› Compiling expo-image-manipulator Pods/libwebp » enc_msa.c
› Compiling expo-image-manipulator Pods/libwebp » dec_sse41.c
› Compiling expo-image-manipulator Pods/libwebp » dec_sse2.c
› Compiling expo-image-manipulator Pods/libwebp » dec_neon.c
› Compiling expo-image-manipulator Pods/libwebp » dec_msa.c
› Compiling expo-image-manipulator Pods/libwebp » dec_mips_dsp_r2.c
› Compiling expo-image-manipulator Pods/libwebp » dec_mips32.c
› Compiling expo-image-manipulator Pods/libwebp » dec_clip_tables.c
› Compiling expo-image-manipulator Pods/libwebp » dec.c
› Compiling expo-image-manipulator Pods/libwebp » cpu.c
› Compiling expo-image-manipulator Pods/libwebp » cost_neon.c
› Compiling expo-image-manipulator Pods/libwebp » cost_mips_dsp_r2.c
› Compiling expo-image-manipulator Pods/libwebp » cost_mips32.c
› Compiling expo-image-manipulator Pods/libwebp » cost_sse2.c
› Compiling expo-image-manipulator Pods/libwebp » cost_enc.c
› Compiling expo-image-manipulator Pods/libwebp » cost.c
› Compiling expo-image-manipulator Pods/libwebp » config_enc.c
› Compiling expo-image-manipulator Pods/libwebp » color_cache_utils.c
› Compiling expo-image-manipulator Pods/libwebp » buffer_dec.c
› Compiling expo-image-manipulator Pods/libwebp » bit_writer_utils.c
› Compiling expo-image-manipulator Pods/libwebp » bit_reader_utils.c
› Compiling expo-image-manipulator Pods/libwebp » backward_references_enc.c
› Compiling expo-image-manipulator Pods/libwebp » backward_references_cost_enc.c
› Compiling expo-image-manipulator Pods/libwebp » anim_decode.c
› Compiling expo-image-manipulator Pods/libwebp » analysis_enc.c
› Compiling expo-image-manipulator Pods/libwebp » alpha_processing_sse41.c
› Compiling expo-image-manipulator Pods/libwebp » alpha_processing_sse2.c
› Compiling expo-image-manipulator Pods/libwebp » anim_encode.c
› Compiling expo-image-manipulator Pods/libwebp » alpha_processing_neon.c
› Compiling expo-image-manipulator Pods/libwebp » alpha_processing_mips_dsp_r2.c
› Compiling expo-image-manipulator Pods/libwebp » alpha_processing.c
› Compiling expo-image-manipulator Pods/libwebp » alpha_enc.c
› Compiling expo-image-manipulator Pods/libwebp » alpha_dec.c
› Compiling expo-image-manipulator Pods/libwebp » yuv_sse41.c
› Copying   ../Library/Developer/Xcode/DerivedData/Sonarly-afxferxohtijqxctfngzyxauleol/Build/Products/Debug-iphonesimulator/SDWebImage/SDWebImage.bundle/PrivacyInfo.xcprivacy ➜ ios/Pods/SDWebImage/WebImage/PrivacyInfo.xcprivacy
› Executing react-native Pods/hermes-engine » [CP] Copy XCFrameworks
› Compiling react-native Pods/React-Mapbuffer » MapBufferBuilder.cpp
› Compiling react-native Pods/React-Mapbuffer » MapBuffer.cpp
› Creating  Pods/SDWebImage-SDWebImage » SDWebImage.bundle
› Preparing Pods/React-Core-RCTI18nStrings » ResourceBundle-RCTI18nStrings-React-Core-Info.plist
› Copying   ../Library/Developer/Xcode/DerivedData/Sonarly-afxferxohtijqxctfngzyxauleol/Build/Products/Debug-iphonesimulator/React-Core/RCTI18nStrings.bundle/zu.lproj ➜ node_modules/react-native/React/I18n/strings/zu.lproj
› Copying   ../Library/Developer/Xcode/DerivedData/Sonarly-afxferxohtijqxctfngzyxauleol/Build/Products/Debug-iphonesimulator/React-Core/RCTI18nStrings.bundle/zh-Hant.lproj ➜ node_modules/react-native/React/I18n/strings/zh-Hant.lproj
› Copying   ../Library/Developer/Xcode/DerivedData/Sonarly-afxferxohtijqxctfngzyxauleol/Build/Products/Debug-iphonesimulator/React-Core/RCTI18nStrings.bundle/zh-Hant-HK.lproj ➜ node_modules/react-native/React/I18n/strings/zh-Hant-HK.lproj
› Copying   ../Library/Developer/Xcode/DerivedData/Sonarly-afxferxohtijqxctfngzyxauleol/Build/Products/Debug-iphonesimulator/React-Core/RCTI18nStrings.bundle/zh-Hans.lproj ➜ node_modules/react-native/React/I18n/strings/zh-Hans.lproj
› Copying   ../Library/Developer/Xcode/DerivedData/Sonarly-afxferxohtijqxctfngzyxauleol/Build/Products/Debug-iphonesimulator/React-Core/RCTI18nStrings.bundle/vi.lproj ➜ node_modules/react-native/React/I18n/strings/vi.lproj
› Copying   ../Library/Developer/Xcode/DerivedData/Sonarly-afxferxohtijqxctfngzyxauleol/Build/Products/Debug-iphonesimulator/React-Core/RCTI18nStrings.bundle/uk.lproj ➜ node_modules/react-native/React/I18n/strings/uk.lproj
› Copying   ../Library/Developer/Xcode/DerivedData/Sonarly-afxferxohtijqxctfngzyxauleol/Build/Products/Debug-iphonesimulator/React-Core/RCTI18nStrings.bundle/tr.lproj ➜ node_modules/react-native/React/I18n/strings/tr.lproj
› Copying   ../Library/Developer/Xcode/DerivedData/Sonarly-afxferxohtijqxctfngzyxauleol/Build/Products/Debug-iphonesimulator/React-Core/RCTI18nStrings.bundle/th.lproj ➜ node_modules/react-native/React/I18n/strings/th.lproj
› Copying   ../Library/Developer/Xcode/DerivedData/Sonarly-afxferxohtijqxctfngzyxauleol/Build/Products/Debug-iphonesimulator/React-Core/RCTI18nStrings.bundle/sv.lproj ➜ node_modules/react-native/React/I18n/strings/sv.lproj
› Copying   ../Library/Developer/Xcode/DerivedData/Sonarly-afxferxohtijqxctfngzyxauleol/Build/Products/Debug-iphonesimulator/React-Core/RCTI18nStrings.bundle/sk.lproj ➜ node_modules/react-native/React/I18n/strings/sk.lproj
› Copying   ../Library/Developer/Xcode/DerivedData/Sonarly-afxferxohtijqxctfngzyxauleol/Build/Products/Debug-iphonesimulator/React-Core/RCTI18nStrings.bundle/ru.lproj ➜ node_modules/react-native/React/I18n/strings/ru.lproj
› Copying   ../Library/Developer/Xcode/DerivedData/Sonarly-afxferxohtijqxctfngzyxauleol/Build/Products/Debug-iphonesimulator/React-Core/RCTI18nStrings.bundle/ro.lproj ➜ node_modules/react-native/React/I18n/strings/ro.lproj
› Copying   ../Library/Developer/Xcode/DerivedData/Sonarly-afxferxohtijqxctfngzyxauleol/Build/Products/Debug-iphonesimulator/React-Core/RCTI18nStrings.bundle/pt.lproj ➜ node_modules/react-native/React/I18n/strings/pt.lproj
› Copying   ../Library/Developer/Xcode/DerivedData/Sonarly-afxferxohtijqxctfngzyxauleol/Build/Products/Debug-iphonesimulator/React-Core/RCTI18nStrings.bundle/pt-PT.lproj ➜ node_modules/react-native/React/I18n/strings/pt-PT.lproj
› Copying   ../Library/Developer/Xcode/DerivedData/Sonarly-afxferxohtijqxctfngzyxauleol/Build/Products/Debug-iphonesimulator/React-Core/RCTI18nStrings.bundle/pl.lproj ➜ node_modules/react-native/React/I18n/strings/pl.lproj
› Copying   ../Library/Developer/Xcode/DerivedData/Sonarly-afxferxohtijqxctfngzyxauleol/Build/Products/Debug-iphonesimulator/React-Core/RCTI18nStrings.bundle/nl.lproj ➜ node_modules/react-native/React/I18n/strings/nl.lproj
› Copying   ../Library/Developer/Xcode/DerivedData/Sonarly-afxferxohtijqxctfngzyxauleol/Build/Products/Debug-iphonesimulator/React-Core/RCTI18nStrings.bundle/nb.lproj ➜ node_modules/react-native/React/I18n/strings/nb.lproj
› Copying   ../Library/Developer/Xcode/DerivedData/Sonarly-afxferxohtijqxctfngzyxauleol/Build/Products/Debug-iphonesimulator/React-Core/RCTI18nStrings.bundle/ms.lproj ➜ node_modules/react-native/React/I18n/strings/ms.lproj
› Copying   ../Library/Developer/Xcode/DerivedData/Sonarly-afxferxohtijqxctfngzyxauleol/Build/Products/Debug-iphonesimulator/React-Core/RCTI18nStrings.bundle/ko.lproj ➜ node_modules/react-native/React/I18n/strings/ko.lproj
› Copying   ../Library/Developer/Xcode/DerivedData/Sonarly-afxferxohtijqxctfngzyxauleol/Build/Products/Debug-iphonesimulator/React-Core/RCTI18nStrings.bundle/ja.lproj ➜ node_modules/react-native/React/I18n/strings/ja.lproj
› Copying   ../Library/Developer/Xcode/DerivedData/Sonarly-afxferxohtijqxctfngzyxauleol/Build/Products/Debug-iphonesimulator/React-Core/RCTI18nStrings.bundle/it.lproj ➜ node_modules/react-native/React/I18n/strings/it.lproj
› Copying   ../Library/Developer/Xcode/DerivedData/Sonarly-afxferxohtijqxctfngzyxauleol/Build/Products/Debug-iphonesimulator/React-Core/RCTI18nStrings.bundle/id.lproj ➜ node_modules/react-native/React/I18n/strings/id.lproj
› Copying   ../Library/Developer/Xcode/DerivedData/Sonarly-afxferxohtijqxctfngzyxauleol/Build/Products/Debug-iphonesimulator/React-Core/RCTI18nStrings.bundle/hu.lproj ➜ node_modules/react-native/React/I18n/strings/hu.lproj
› Copying   ../Library/Developer/Xcode/DerivedData/Sonarly-afxferxohtijqxctfngzyxauleol/Build/Products/Debug-iphonesimulator/React-Core/RCTI18nStrings.bundle/hr.lproj ➜ node_modules/react-native/React/I18n/strings/hr.lproj
› Copying   ../Library/Developer/Xcode/DerivedData/Sonarly-afxferxohtijqxctfngzyxauleol/Build/Products/Debug-iphonesimulator/React-Core/RCTI18nStrings.bundle/hi.lproj ➜ node_modules/react-native/React/I18n/strings/hi.lproj
› Copying   ../Library/Developer/Xcode/DerivedData/Sonarly-afxferxohtijqxctfngzyxauleol/Build/Products/Debug-iphonesimulator/React-Core/RCTI18nStrings.bundle/he.lproj ➜ node_modules/react-native/React/I18n/strings/he.lproj
› Copying   ../Library/Developer/Xcode/DerivedData/Sonarly-afxferxohtijqxctfngzyxauleol/Build/Products/Debug-iphonesimulator/React-Core/RCTI18nStrings.bundle/fr.lproj ➜ node_modules/react-native/React/I18n/strings/fr.lproj
› Copying   ../Library/Developer/Xcode/DerivedData/Sonarly-afxferxohtijqxctfngzyxauleol/Build/Products/Debug-iphonesimulator/React-Core/RCTI18nStrings.bundle/fi.lproj ➜ node_modules/react-native/React/I18n/strings/fi.lproj
› Copying   ../Library/Developer/Xcode/DerivedData/Sonarly-afxferxohtijqxctfngzyxauleol/Build/Products/Debug-iphonesimulator/React-Core/RCTI18nStrings.bundle/es.lproj ➜ node_modules/react-native/React/I18n/strings/es.lproj
› Copying   ../Library/Developer/Xcode/DerivedData/Sonarly-afxferxohtijqxctfngzyxauleol/Build/Products/Debug-iphonesimulator/React-Core/RCTI18nStrings.bundle/es-ES.lproj ➜ node_modules/react-native/React/I18n/strings/es-ES.lproj
› Copying   ../Library/Developer/Xcode/DerivedData/Sonarly-afxferxohtijqxctfngzyxauleol/Build/Products/Debug-iphonesimulator/React-Core/RCTI18nStrings.bundle/en.lproj ➜ node_modules/react-native/React/I18n/strings/en.lproj
› Copying   ../Library/Developer/Xcode/DerivedData/Sonarly-afxferxohtijqxctfngzyxauleol/Build/Products/Debug-iphonesimulator/React-Core/RCTI18nStrings.bundle/en-GB.lproj ➜ node_modules/react-native/React/I18n/strings/en-GB.lproj
› Copying   ../Library/Developer/Xcode/DerivedData/Sonarly-afxferxohtijqxctfngzyxauleol/Build/Products/Debug-iphonesimulator/React-Core/RCTI18nStrings.bundle/el.lproj ➜ node_modules/react-native/React/I18n/strings/el.lproj
› Copying   ../Library/Developer/Xcode/DerivedData/Sonarly-afxferxohtijqxctfngzyxauleol/Build/Products/Debug-iphonesimulator/React-Core/RCTI18nStrings.bundle/de.lproj ➜ node_modules/react-native/React/I18n/strings/de.lproj
› Copying   ../Library/Developer/Xcode/DerivedData/Sonarly-afxferxohtijqxctfngzyxauleol/Build/Products/Debug-iphonesimulator/React-Core/RCTI18nStrings.bundle/da.lproj ➜ node_modules/react-native/React/I18n/strings/da.lproj
› Copying   ../Library/Developer/Xcode/DerivedData/Sonarly-afxferxohtijqxctfngzyxauleol/Build/Products/Debug-iphonesimulator/React-Core/RCTI18nStrings.bundle/cs.lproj ➜ node_modules/react-native/React/I18n/strings/cs.lproj
› Copying   ../Library/Developer/Xcode/DerivedData/Sonarly-afxferxohtijqxctfngzyxauleol/Build/Products/Debug-iphonesimulator/React-Core/RCTI18nStrings.bundle/ar.lproj ➜ node_modules/react-native/React/I18n/strings/ar.lproj
› Preparing Pods/RNSVG-RNSVGFilters » ResourceBundle-RNSVGFilters-RNSVG-Info.plist
› Copying   ../Library/Developer/Xcode/DerivedData/Sonarly-afxferxohtijqxctfngzyxauleol/Build/Products/Debug-iphonesimulator/RNSVG/RNSVGFilters.bundle/RNSVGCompositeXor.iphoneos.metallib ➜ node_modules/react-native-svg/apple/Filters/MetalCI/RNSVGCompositeXor.iphoneos.metallib
› Copying   ../Library/Developer/Xcode/DerivedData/Sonarly-afxferxohtijqxctfngzyxauleol/Build/Products/Debug-iphonesimulator/RNSVG/RNSVGFilters.bundle/RNSVGArithmeticFilter.iphoneos.metallib ➜ node_modules/react-native-svg/apple/Filters/MetalCI/RNSVGArithmeticFilter.iphoneos.metallib
› Creating  Pods/React-Core-RCTI18nStrings » RCTI18nStrings.bundle
› Preparing Pods/RNPermissions-RNPermissionsPrivacyInfo » ResourceBundle-RNPermissionsPrivacyInfo-RNPermissions-Info.plist
› Copying   ../Library/Developer/Xcode/DerivedData/Sonarly-afxferxohtijqxctfngzyxauleol/Build/Products/Debug-iphonesimulator/RNPermissions/RNPermissionsPrivacyInfo.bundle/PrivacyInfo.xcprivacy ➜ node_modules/react-native-permissions/ios/PrivacyInfo.xcprivacy
› Preparing Pods/RNCAsyncStorage-RNCAsyncStorage_resources » ResourceBundle-RNCAsyncStorage_resources-RNCAsyncStorage-Info.plist
› Copying   ../Library/Developer/Xcode/DerivedData/Sonarly-afxferxohtijqxctfngzyxauleol/Build/Products/Debug-iphonesimulator/RNCAsyncStorage/RNCAsyncStorage_resources.bundle/PrivacyInfo.xcprivacy ➜ node_modules/@react-native-async-storage/async-storage/ios/PrivacyInfo.xcprivacy
› Creating  Pods/RNSVG-RNSVGFilters » RNSVGFilters.bundle
› Compiling expo-image-manipulator Pods/libwebp » libwebp-dummy.m
› Compiling react-native Pods/glog » glog-dummy.m
› Compiling react-native Pods/fmt » fmt-dummy.m
› Packaging expo-image-manipulator Pods/libwebp » liblibwebp.a
› Packaging react-native Pods/glog » libglog.a
› Packaging react-native Pods/fmt » libfmt.a
› Compiling react-native Pods/Yoga » Yoga-dummy.m
› Compiling react-native Pods/SocketRocket » SocketRocket-dummy.m
› Compiling react-native Pods/SocketRocket » SRWebSocket.m
› Compiling react-native Pods/SocketRocket » SRURLUtilities.m
› Compiling react-native Pods/SocketRocket » SRSecurityPolicy.m
› Packaging react-native Pods/Yoga » libYoga.a
› Compiling react-native Pods/SocketRocket » SRSIMDHelpers.m
› Compiling react-native Pods/SocketRocket » SRRunLoopThread.m
› Compiling react-native Pods/SocketRocket » SRRandom.m
› Compiling react-native Pods/SocketRocket » SRProxyConnect.m
› Compiling react-native Pods/SocketRocket » SRPinningSecurityPolicy.m
› Compiling react-native Pods/SocketRocket » SRMutex.m
› Compiling react-native Pods/SocketRocket » SRLog.m
› Compiling react-native Pods/SocketRocket » SRIOConsumerPool.m
› Compiling react-native Pods/SocketRocket » SRIOConsumer.m
› Compiling react-native Pods/SocketRocket » SRHash.m
› Compiling react-native Pods/SocketRocket » SRHTTPConnectMessage.m
› Compiling react-native Pods/SocketRocket » SRError.m
› Compiling react-native Pods/SocketRocket » SRDelegateController.m
› Compiling react-native Pods/SocketRocket » SRConstants.m
› Compiling react-native Pods/SocketRocket » NSURLRequest+SRWebSocket.m
› Compiling react-native Pods/SocketRocket » NSRunLoop+SRWebSocket.m
› Compiling expo-image-manipulator Pods/SDWebImageWebPCoder » UIImage+WebP.m
› Compiling expo-image-manipulator Pods/SDWebImageWebPCoder » SDWebImageWebPCoderDefine.m
› Compiling expo-image-manipulator Pods/SDWebImageWebPCoder » SDWebImageWebPCoder-dummy.m
› Compiling expo-image-manipulator Pods/SDWebImageWebPCoder » SDImageWebPCoder.m
› Compiling Pods/SDWebImage » UIView+WebCacheState.m
› Compiling Pods/SDWebImage » UIView+WebCacheOperation.m
› Packaging react-native Pods/SocketRocket » libSocketRocket.a
› Compiling Pods/SDWebImage » UIView+WebCache.m
› Compiling Pods/SDWebImage » UIImageView+WebCache.m
› Compiling Pods/SDWebImage » UIImageView+HighlightedWebCache.m
› Compiling Pods/SDWebImage » UIImage+Transform.m
› Compiling Pods/SDWebImage » UIImage+MultiFormat.m
› Compiling Pods/SDWebImage » UIImage+Metadata.m
› Compiling Pods/SDWebImage » UIImage+MemoryCacheCost.m
› Compiling Pods/SDWebImage » UIImage+GIF.m
› Compiling Pods/SDWebImage » UIImage+ForceDecode.m
› Compiling Pods/SDWebImage » UIImage+ExtendedCacheData.m
› Compiling Pods/SDWebImage » UIColor+SDHexString.m
› Compiling Pods/SDWebImage » UIButton+WebCache.m
› Compiling Pods/SDWebImage » SDWebImageTransition.m
› Compiling Pods/SDWebImage » SDWebImagePrefetcher.m
› Compiling Pods/SDWebImage » SDWebImageOptionsProcessor.m
› Compiling Pods/SDWebImage » SDWebImageOperation.m
› Compiling Pods/SDWebImage » SDWebImageManager.m
› Compiling Pods/SDWebImage » SDWebImageIndicator.m
› Compiling Pods/SDWebImage » SDWebImageError.m
› Compiling Pods/SDWebImage » SDWebImageDownloaderResponseModifier.m
› Compiling Pods/SDWebImage » SDWebImageDownloaderRequestModifier.m
› Compiling Pods/SDWebImage » SDWebImageDownloaderOperation.m
› Compiling Pods/SDWebImage » SDWebImageDownloaderDecryptor.m
› Compiling Pods/SDWebImage » SDWebImageDownloaderConfig.m
› Compiling Pods/SDWebImage » SDWebImageDownloader.m
› Compiling Pods/SDWebImage » SDWebImageDefine.m
› Compiling Pods/SDWebImage » SDWebImageCompat.m
› Compiling Pods/SDWebImage » SDWebImageCacheSerializer.m
› Compiling Pods/SDWebImage » SDWebImageCacheKeyFilter.m
› Compiling Pods/SDWebImage » SDWebImage-dummy.m
› Compiling Pods/SDWebImage » SDWeakProxy.m
› Compiling Pods/SDWebImage » SDMemoryCache.m
› Compiling Pods/SDWebImage » SDInternalMacros.m
› Compiling Pods/SDWebImage » SDImageTransformer.m
› Compiling Pods/SDWebImage » SDImageLoadersManager.m
› Compiling Pods/SDWebImage » SDImageLoader.m
› Compiling Pods/SDWebImage » SDImageIOCoder.m
› Compiling Pods/SDWebImage » SDImageIOAnimatedCoder.m
› Compiling Pods/SDWebImage » SDImageHEICCoder.m
› Compiling Pods/SDWebImage » SDImageGraphics.m
› Compiling Pods/SDWebImage » SDImageGIFCoder.m
› Compiling Pods/SDWebImage » SDImageFramePool.m
› Compiling Pods/SDWebImage » SDImageFrame.m
› Compiling Pods/SDWebImage » SDImageCodersManager.m
› Compiling Pods/SDWebImage » SDImageCoderHelper.m
› Compiling Pods/SDWebImage » SDImageCoder.m
› Compiling Pods/SDWebImage » SDImageCachesManagerOperation.m
› Compiling Pods/SDWebImage » SDImageCachesManager.m
› Compiling Pods/SDWebImage » SDImageCacheDefine.m
› Compiling Pods/SDWebImage » SDImageCacheConfig.m
› Compiling Pods/SDWebImage » SDImageCache.m
› Compiling Pods/SDWebImage » SDImageAssetManager.m
› Compiling Pods/SDWebImage » SDImageAWebPCoder.m
› Compiling Pods/SDWebImage » SDImageAPNGCoder.m
› Compiling Pods/SDWebImage » SDGraphicsImageRenderer.m
› Compiling Pods/SDWebImage » SDFileAttributeHelper.m
› Compiling Pods/SDWebImage » SDDisplayLink.m
› Compiling Pods/SDWebImage » SDDiskCache.m
› Compiling Pods/SDWebImage » SDDeviceHelper.m
› Compiling Pods/SDWebImage » SDCallbackQueue.m
› Compiling Pods/SDWebImage » SDAsyncBlockOperation.m
› Compiling Pods/SDWebImage » SDAssociatedObject.m
› Compiling Pods/SDWebImage » SDAnimatedImageView.m
› Compiling Pods/SDWebImage » SDAnimatedImageView+WebCache.m
› Compiling Pods/SDWebImage » SDAnimatedImageRep.m
› Compiling Pods/SDWebImage » SDAnimatedImagePlayer.m
› Compiling Pods/SDWebImage » SDAnimatedImage.m
› Compiling Pods/SDWebImage » NSImage+Compatibility.m
› Compiling Pods/SDWebImage » NSData+ImageContentType.m
› Compiling Pods/SDWebImage » NSButton+WebCache.m
› Compiling Pods/SDWebImage » NSBezierPath+SDRoundedCorners.m
› Compiling react-native Pods/React-perflogger » React-perflogger-dummy.m
› Compiling react-native Pods/React-nativeconfig » React-nativeconfig-dummy.m
› Compiling react-native Pods/React-logger » React-logger-dummy.m
› Compiling react-native Pods/React-featureflags » React-featureflags-dummy.m
› Packaging react-native Pods/React-perflogger » libReact-perflogger.a
› Packaging react-native Pods/React-nativeconfig » libReact-nativeconfig.a
› Compiling react-native Pods/React-debug » React-debug-dummy.m
› Compiling react-native Pods/React-Mapbuffer » React-Mapbuffer-dummy.m
› Compiling react-native Pods/RCTDeprecation » RCTDeprecation-dummy.m
› Packaging react-native Pods/React-featureflags » libReact-featureflags.a
› Packaging react-native Pods/React-debug » libReact-debug.a
› Packaging Pods/SDWebImage » libSDWebImage.a
› Creating  Pods/RNPermissions-RNPermissionsPrivacyInfo » RNPermissionsPrivacyInfo.bundle
› Creating  Pods/RNCAsyncStorage-RNCAsyncStorage_resources » RNCAsyncStorage_resources.bundle
› Compiling react-native Pods/RCT-Folly » json.cpp
› Compiling react-native Pods/RCT-Folly » json_pointer.cpp
› Compiling react-native Pods/RCT-Folly » dynamic.cpp
› Compiling react-native Pods/RCT-Folly » UniqueInstance.cpp
› Compiling react-native Pods/RCT-Folly » Unicode.cpp
› Compiling react-native Pods/RCT-Folly » ToAscii.cpp
› Compiling react-native Pods/RCT-Folly » ThreadId.cpp
› Compiling react-native Pods/RCT-Folly » SysUio.cpp
› Compiling react-native Pods/RCT-Folly » String.cpp
› Compiling react-native Pods/RCT-Folly » SpookyHashV2.cpp
› Compiling react-native Pods/RCT-Folly » SplitStringSimd.cpp
› Compiling react-native Pods/RCT-Folly » SharedMutex.cpp
› Compiling react-native Pods/RCT-Folly » ScopeGuard.cpp
› Compiling react-native Pods/RCT-Folly » SanitizeThread.cpp
› Compiling react-native Pods/RCT-Folly » SafeAssert.cpp
› Compiling react-native Pods/RCT-Folly » ParkingLot.cpp
› Compiling react-native Pods/RCT-Folly » NetOps.cpp
› Compiling react-native Pods/RCT-Folly » MallocImpl.cpp
› Compiling react-native Pods/RCT-Folly » Malloc.cpp
› Compiling react-native Pods/RCT-Folly » Futex.cpp
› Compiling react-native Pods/RCT-Folly » Format.cpp
› Compiling react-native Pods/RCT-Folly » FileUtilDetail.cpp
› Compiling react-native Pods/RCT-Folly » FileUtil.cpp
› Compiling react-native Pods/RCT-Folly » F14Table.cpp
› Compiling react-native Pods/RCT-Folly » Exception.cpp
› Compiling react-native Pods/RCT-Folly » Demangle.cpp
› Compiling react-native Pods/RCT-Folly » Conv.cpp
› Compiling react-native Pods/RCT-Folly » CacheLocality.cpp
› Compiling react-native Pods/RCT-Folly » CString.cpp
› Compiling react-native Pods/RCT-Folly » AtFork.cpp
› Packaging react-native Pods/React-logger » libReact-logger.a
› Packaging react-native Pods/React-Mapbuffer » libReact-Mapbuffer.a
› Compiling react-native Pods/React-rendererdebug » DebugStringConvertibleItem.cpp
› Compiling react-native Pods/React-rendererdebug » DebugStringConvertible.cpp
› Compiling react-native Pods/React-jsi » JSIDynamic.cpp
› Compiling react-native Pods/DoubleConversion » strtod.cc
› Compiling react-native Pods/DoubleConversion » fixed-dtoa.cc
› Compiling react-native Pods/DoubleConversion » fast-dtoa.cc
› Compiling react-native Pods/DoubleConversion » double-conversion.cc
› Compiling react-native Pods/DoubleConversion » diy-fp.cc
› Compiling react-native Pods/DoubleConversion » cached-powers.cc
› Compiling react-native Pods/DoubleConversion » bignum.cc
› Compiling react-native Pods/DoubleConversion » bignum-dtoa.cc
› Preparing Pods/ExpoFileSystem-ExpoFileSystem_privacy » ResourceBundle-ExpoFileSystem_privacy-ExpoFileSystem-Info.plist
› Compiling react-native Pods/RCT-Folly » RCT-Folly-dummy.m
› Copying   ../Library/Developer/Xcode/DerivedData/Sonarly-afxferxohtijqxctfngzyxauleol/Build/Products/Debug-iphonesimulator/ExpoFileSystem/ExpoFileSystem_privacy.bundle/PrivacyInfo.xcprivacy ➜ node_modules/expo-file-system/ios/PrivacyInfo.xcprivacy
› Preparing Pods/EXConstants-ExpoConstants_privacy » ResourceBundle-ExpoConstants_privacy-EXConstants-Info.plist
› Copying   ../Library/Developer/Xcode/DerivedData/Sonarly-afxferxohtijqxctfngzyxauleol/Build/Products/Debug-iphonesimulator/EXConstants/ExpoConstants_privacy.bundle/PrivacyInfo.xcprivacy ➜ node_modules/expo-constants/ios/PrivacyInfo.xcprivacy
› Preparing expo-constants Pods/EXConstants-EXConstants » ResourceBundle-EXConstants-EXConstants-Info.plist
› Compiling react-native Pods/React-graphics » Transform.cpp
› Compiling react-native Pods/React-graphics » RCTPlatformColorUtils.mm
› Compiling react-native Pods/React-graphics » PlatformColorParser.mm
› Compiling react-native Pods/React-graphics » HostPlatformColor.mm
› Compiling react-native Pods/React-graphics » Color.cpp
› Compiling react-native Pods/React-rendererdebug » React-rendererdebug-dummy.m
› Compiling react-native Pods/React-jsi » React-jsi-dummy.m
› Compiling react-native Pods/DoubleConversion » DoubleConversion-dummy.m
› Packaging react-native Pods/DoubleConversion » libDoubleConversion.a
› Compiling react-native-safe-area-context Pods/react-native-safe-area-context » RNCSafeAreaContext.mm
› Compiling react-native Pods/ReactCommon » TurboModuleUtils.cpp
› Compiling react-native Pods/ReactCommon » TurboModulePerfLogger.cpp
› Compiling react-native Pods/ReactCommon » TurboModuleBinding.cpp
› Compiling react-native Pods/ReactCommon » TurboModule.cpp
› Compiling react-native Pods/ReactCommon » TurboCxxModule.cpp
› Compiling react-native Pods/ReactCommon » LongLivedObject.cpp
› Compiling react-native Pods/ReactCommon » CxxTurboModuleUtils.cpp
› Compiling react-native Pods/React-utils » jsi.cpp
› Compiling react-native Pods/React-utils » RunLoopObserver.cpp
› Compiling react-native Pods/React-utils » ManagedObjectWrapper.mm
› Compiling react-native Pods/React-utils » CoreFeatures.cpp
› Compiling react-native Pods/React-runtimescheduler » Task.cpp
› Compiling react-native Pods/React-runtimescheduler » RuntimeScheduler_Modern.cpp
› Compiling react-native Pods/React-runtimescheduler » RuntimeScheduler_Legacy.cpp
› Compiling react-native Pods/React-runtimescheduler » RuntimeSchedulerCallInvoker.cpp
› Compiling react-native Pods/React-runtimescheduler » RuntimeSchedulerBinding.cpp
› Compiling react-native Pods/React-runtimescheduler » RuntimeScheduler.cpp
› Compiling react-native Pods/React-jsinspector » RuntimeTarget.cpp
› Compiling react-native Pods/React-jsinspector » RuntimeAgent.cpp
› Compiling react-native Pods/React-jsinspector » Parsing.cpp
› Compiling react-native Pods/React-jsinspector » PageTarget.cpp
› Compiling react-native Pods/React-jsinspector » PageAgent.cpp
› Compiling react-native Pods/React-jsinspector » InstanceTarget.cpp
› Compiling react-native Pods/React-jsinspector » InstanceAgent.cpp
› Compiling react-native Pods/React-jsinspector » InspectorUtilities.cpp
› Compiling react-native Pods/React-jsinspector » InspectorPackagerConnection.cpp
› Compiling react-native Pods/React-jsinspector » InspectorInterfaces.cpp
› Compiling react-native Pods/React-jsinspector » InspectorFlags.cpp
› Compiling react-native Pods/React-jsinspector » FallbackRuntimeAgentDelegate.cpp
› Compiling react-native Pods/React-jsinspector » ExecutionContextManager.cpp
› Compiling react-native Pods/React-jsinspector » ExecutionContext.cpp
› Compiling react-native Pods/React-jsiexecutor » JSINativeModules.cpp
› Compiling react-native Pods/React-jsiexecutor » JSIExecutor.cpp
› Compiling react-native Pods/React-jserrorhandler » JsErrorHandler.cpp
› Compiling react-native Pods/React-hermes » Registration.cpp
› Compiling react-native Pods/React-hermes » HermesRuntimeAgentDelegate.cpp
› Compiling react-native Pods/React-hermes » HermesExecutorFactory.cpp
› Compiling react-native Pods/React-hermes » ConnectionDemux.cpp
› Compiling react-native Pods/React-graphics » React-graphics-dummy.m
› Compiling react-native Pods/React-cxxreact » ReactMarker.cpp
› Compiling react-native Pods/React-cxxreact » RAMBundleRegistry.cpp
› Compiling react-native Pods/React-cxxreact » NativeToJsBridge.cpp
› Compiling react-native Pods/React-cxxreact » ModuleRegistry.cpp
› Compiling react-native Pods/React-cxxreact » MethodCall.cpp
› Compiling react-native Pods/React-cxxreact » JSIndexedRAMBundle.cpp
› Compiling react-native Pods/React-cxxreact » JSExecutor.cpp
› Compiling react-native Pods/React-cxxreact » JSBundleType.cpp
› Compiling react-native Pods/React-cxxreact » JSBigString.cpp
› Compiling react-native Pods/React-cxxreact » Instance.cpp
› Compiling react-native Pods/React-cxxreact » CxxNativeModule.cpp
› Compiling react-native Pods/React-RuntimeHermes » HermesInstance.cpp
› Compiling react-native Pods/React-RuntimeCore » TimerManager.cpp
› Compiling react-native Pods/React-RuntimeCore » ReactInstance.cpp
› Compiling react-native Pods/React-RuntimeCore » LegacyUIManagerConstantsProviderBinding.cpp
› Compiling react-native Pods/React-RuntimeCore » JSRuntimeFactory.cpp
› Compiling react-native Pods/React-RuntimeCore » BufferedRuntimeExecutor.cpp
› Compiling react-native Pods/React-RuntimeCore » BridgelessNativeMethodCallInvoker.cpp
› Compiling react-native Pods/React-RuntimeCore » BridgelessJSCallInvoker.cpp
› Compiling react-native Pods/React-RCTText » RCTVirtualTextViewManager.mm
› Compiling react-native Pods/React-RCTText » RCTVirtualTextView.mm
› Compiling react-native Pods/React-RCTText » RCTVirtualTextShadowView.mm
› Compiling react-native Pods/React-RCTText » RCTUITextView.mm
› Compiling react-native Pods/React-RCTText » RCTUITextField.mm
› Compiling react-native Pods/React-RCTText » RCTTextViewManager.mm
› Compiling react-native Pods/React-RCTText » RCTTextView.mm
› Compiling react-native Pods/React-RCTText » RCTTextShadowView.mm
› Compiling react-native Pods/React-RCTText » RCTTextSelection.mm
› Compiling react-native Pods/React-RCTText » RCTTextAttributes.mm
› Compiling react-native Pods/React-RCTText » RCTSinglelineTextInputViewManager.mm
› Compiling react-native Pods/React-RCTText » RCTSinglelineTextInputView.mm
› Compiling react-native Pods/React-RCTText » RCTRawTextViewManager.mm
› Compiling react-native Pods/React-RCTText » RCTRawTextShadowView.mm
› Compiling react-native Pods/React-RCTText » RCTMultilineTextInputViewManager.mm
› Compiling react-native Pods/React-RCTText » RCTMultilineTextInputView.mm
› Compiling react-native Pods/React-RCTText » RCTInputAccessoryViewManager.mm
› Compiling react-native Pods/React-RCTText » RCTInputAccessoryViewContent.mm
› Compiling react-native Pods/React-RCTText » RCTInputAccessoryView.mm
› Compiling react-native Pods/React-RCTText » RCTInputAccessoryShadowView.mm
› Compiling react-native Pods/React-RCTText » RCTDynamicTypeRamp.mm
› Compiling react-native Pods/React-RCTText » RCTConvert+Text.mm
› Compiling react-native Pods/React-RCTText » RCTBaseTextViewManager.mm
› Compiling react-native Pods/React-RCTText » RCTBaseTextShadowView.mm
› Compiling react-native Pods/React-RCTText » RCTBaseTextInputViewManager.mm
› Compiling react-native Pods/React-RCTText » RCTBaseTextInputView.mm
› Compiling react-native Pods/React-RCTText » RCTBaseTextInputShadowView.mm
› Compiling react-native Pods/React-RCTText » RCTBackedTextInputDelegateAdapter.mm
› Compiling react-native Pods/React-NativeModulesApple » RCTTurboModuleManager.mm
› Compiling react-native Pods/React-NativeModulesApple » RCTTurboModule.mm
› Compiling react-native Pods/React-NativeModulesApple » RCTRuntimeExecutor.mm
› Compiling react-native Pods/React-NativeModulesApple » RCTInteropTurboModule.mm
› Compiling react-native Pods/React-Core » RCTUIManagerObserverCoordinator.mm
› Compiling react-native Pods/React-Core » RCTSurfaceView.mm
› Compiling react-native Pods/React-Core » RCTSurfaceSizeMeasureMode.mm
› Compiling react-native Pods/React-Core » RCTSurfaceRootView.mm
› Compiling react-native Pods/React-Core » RCTSurfaceHostingView.mm
› Compiling react-native Pods/React-Core » RCTSurfaceHostingProxyRootView.mm
› Compiling react-native Pods/React-Core » RCTSurface.mm
› Compiling react-native Pods/React-Core » RCTPerformanceLogger.mm
› Compiling react-native Pods/React-Core » RCTPackagerConnection.mm
› Compiling react-native Pods/React-Core » RCTObjcExecutor.mm
› Compiling react-native Pods/React-Core » RCTNativeModule.mm
› Compiling react-native Pods/React-Core » RCTModuleMethod.mm
› Compiling react-native Pods/React-Core » RCTModuleData.mm
› Compiling react-native Pods/React-Core » RCTMessageThread.mm
› Compiling react-native Pods/React-Core » RCTManagedPointer.mm
› Compiling react-native Pods/React-Core » RCTLog.mm
› Compiling react-native Pods/React-Core » RCTLocalizedString.mm
› Compiling react-native Pods/React-Core » RCTJavaScriptLoader.mm
› Compiling react-native Pods/React-Core » RCTJSIExecutorRuntimeInstaller.mm
› Compiling react-native Pods/React-Core » RCTInspectorDevServerHelper.mm
› Compiling react-native Pods/React-Core » RCTInspector.mm
› Compiling react-native Pods/React-Core » RCTFont.mm
› Compiling react-native Pods/React-Core » RCTFollyConvert.mm
› Compiling react-native Pods/React-Core » RCTDefaultCxxLogFunction.mm
› Compiling react-native Pods/React-Core » RCTCxxUtils.mm
› Compiling react-native Pods/React-Core » RCTCxxModule.mm
› Compiling react-native Pods/React-Core » RCTCxxMethod.mm
› Compiling react-native Pods/React-Core » RCTCxxInspectorWebSocketAdapter.mm
› Compiling react-native Pods/React-Core » RCTCxxInspectorPackagerConnectionDelegate.mm
› Compiling react-native Pods/React-Core » RCTCxxInspectorPackagerConnection.mm
› Compiling react-native Pods/React-Core » RCTCxxBridge.mm
› Compiling react-native Pods/React-Core » RCTConvert.mm
› Compiling react-native Pods/React-Core » RCTBundleURLProvider.mm
› Compiling react-native Pods/React-Core » RCTBridgeProxy.mm
› Compiling react-native Pods/React-Core » RCTBridge.mm
› Compiling react-native Pods/React-Core » NSDataBigString.mm
› Compiling react-native-svg Pods/RNSVG » RNSVGViewBox.mm
› Compiling react-native-svg Pods/RNSVG » RNSVGUseManager.mm
› Compiling react-native-svg Pods/RNSVG » RNSVGUse.mm
› Compiling react-native-svg Pods/RNSVG » RNSVGTopAlignedLabel.ios.mm
› Compiling react-native-svg Pods/RNSVG » RNSVGTextProperties.mm
› Compiling react-native-svg Pods/RNSVG » RNSVGTextPathManager.mm
› Compiling react-native-svg Pods/RNSVG » RNSVGTextPath.mm
› Compiling react-native-svg Pods/RNSVG » RNSVGTextManager.mm
› Compiling react-native-svg Pods/RNSVG » RNSVGText.mm
› Compiling react-native-svg Pods/RNSVG » RNSVGTSpanManager.mm
› Compiling react-native-svg Pods/RNSVG » RNSVGTSpan.mm
› Compiling react-native-svg Pods/RNSVG » RNSVGSymbolManager.mm
› Compiling react-native-svg Pods/RNSVG » RNSVGSymbol.mm
› Compiling react-native-svg Pods/RNSVG » RNSVGSvgViewModule.mm
› Compiling react-native-svg Pods/RNSVG » RNSVGSvgViewManager.mm
› Compiling react-native-svg Pods/RNSVG » RNSVGSvgView.mm
› Compiling react-native-svg Pods/RNSVG » RNSVGSolidColorBrush.mm
› Compiling react-native-svg Pods/RNSVG » RNSVGRenderableModule.mm
› Compiling react-native-svg Pods/RNSVG » RNSVGRenderableManager.mm
› Compiling react-native-svg Pods/RNSVG » RNSVGRenderable.mm
› Compiling react-native-svg Pods/RNSVG » RNSVGRenderUtils.mm
› Compiling react-native-svg Pods/RNSVG » RNSVGRectManager.mm
› Compiling react-native-svg Pods/RNSVG » RNSVGRect.mm
› Compiling react-native-svg Pods/RNSVG » RNSVGRadialGradientManager.mm
› Compiling react-native-svg Pods/RNSVG » RNSVGRadialGradient.mm
› Compiling react-native-svg Pods/RNSVG » RNSVGPropHelper.mm
› Compiling react-native-svg Pods/RNSVG » RNSVGPatternManager.mm
› Compiling react-native-svg Pods/RNSVG » RNSVGPattern.mm
› Compiling react-native-svg Pods/RNSVG » RNSVGPathParser.mm
› Compiling react-native-svg Pods/RNSVG » RNSVGPathMeasure.mm
› Compiling react-native-svg Pods/RNSVG » RNSVGPathManager.mm
› Compiling react-native-svg Pods/RNSVG » RNSVGPath.mm
› Compiling react-native-svg Pods/RNSVG » RNSVGPainterBrush.mm
› Compiling react-native-svg Pods/RNSVG » RNSVGPainter.mm
› Compiling react-native-svg Pods/RNSVG » RNSVGNodeManager.mm
› Compiling react-native-svg Pods/RNSVG » RNSVGNode.mm
› Compiling react-native-svg Pods/RNSVG » RNSVGMaskManager.mm
› Compiling react-native-svg Pods/RNSVG » RNSVGMask.mm
› Compiling react-native-svg Pods/RNSVG » RNSVGMarkerPosition.mm
› Compiling react-native-svg Pods/RNSVG » RNSVGMarkerManager.mm
› Compiling react-native-svg Pods/RNSVG » RNSVGMarker.mm
› Compiling react-native-svg Pods/RNSVG » RNSVGLinearGradientManager.mm
› Compiling react-native-svg Pods/RNSVG » RNSVGLinearGradient.mm
› Compiling react-native-svg Pods/RNSVG » RNSVGLineManager.mm
› Compiling react-native-svg Pods/RNSVG » RNSVGLine.mm
› Compiling react-native-svg Pods/RNSVG » RNSVGLength.mm
› Compiling react-native-svg Pods/RNSVG » RNSVGImageManager.mm
› Compiling react-native-svg Pods/RNSVG » RNSVGImage.mm
› Compiling react-native-svg Pods/RNSVG » RNSVGGroupManager.mm
› Compiling react-native-svg Pods/RNSVG » RNSVGGroup.mm
› Compiling react-native-svg Pods/RNSVG » RNSVGGlyphContext.mm
› Compiling react-native-svg Pods/RNSVG » RNSVGForeignObjectManager.mm
› Compiling react-native-svg Pods/RNSVG » RNSVGForeignObject.mm
› Compiling react-native-svg Pods/RNSVG » RNSVGFontData.mm
› Compiling react-native-svg Pods/RNSVG » RNSVGFilterRegion.mm
› Compiling react-native-svg Pods/RNSVG » RNSVGFilterPrimitiveManager.mm
› Compiling react-native-svg Pods/RNSVG » RNSVGFilterPrimitive.mm
› Compiling react-native-svg Pods/RNSVG » RNSVGFilterManager.mm
› Compiling react-native-svg Pods/RNSVG » RNSVGFilter.mm
› Compiling react-native-svg Pods/RNSVG » RNSVGFeOffsetManager.mm
› Compiling react-native-svg Pods/RNSVG » RNSVGFeOffset.mm
› Compiling react-native-svg Pods/RNSVG » RNSVGFeMergeManager.mm
› Compiling react-native-svg Pods/RNSVG » RNSVGFeMerge.mm
› Compiling react-native-svg Pods/RNSVG » RNSVGFeGaussianBlurManager.mm
› Compiling react-native-svg Pods/RNSVG » RNSVGFeGaussianBlur.mm
› Compiling react-native-svg Pods/RNSVG » RNSVGFeFloodManager.mm
› Compiling react-native-svg Pods/RNSVG » RNSVGFeFlood.mm
› Compiling react-native-svg Pods/RNSVG » RNSVGFeCompositeManager.mm
› Compiling react-native-svg Pods/RNSVG » RNSVGFeComposite.mm
› Compiling react-native-svg Pods/RNSVG » RNSVGFeColorMatrixManager.mm
› Compiling react-native-svg Pods/RNSVG » RNSVGFeColorMatrix.mm
› Compiling react-native-svg Pods/RNSVG » RNSVGFeBlendManager.mm
› Compiling react-native-svg Pods/RNSVG » RNSVGFeBlend.mm
› Compiling react-native-svg Pods/RNSVG » RNSVGEllipseManager.mm
› Compiling react-native-svg Pods/RNSVG » RNSVGEllipse.mm
› Compiling react-native-svg Pods/RNSVG » RNSVGDefsManager.mm
› Compiling react-native-svg Pods/RNSVG » RNSVGDefs.mm
› Compiling react-native-svg Pods/RNSVG » RNSVGCustomFilter.mm
› Compiling react-native-svg Pods/RNSVG » RNSVGConvert.mm
› Compiling react-native-svg Pods/RNSVG » RNSVGContextBrush.mm
› Compiling react-native-svg Pods/RNSVG » RNSVGCompositeXor.mm
› Compiling react-native-svg Pods/RNSVG » RNSVGClipPathManager.mm
› Compiling react-native-svg Pods/RNSVG » RNSVGClipPath.mm
› Compiling react-native-svg Pods/RNSVG » RNSVGCircleManager.mm
› Compiling react-native-svg Pods/RNSVG » RNSVGCircle.mm
› Compiling react-native-svg Pods/RNSVG » RNSVGBrush.mm
› Compiling react-native-svg Pods/RNSVG » RNSVGBezierElement.mm
› Compiling react-native-svg Pods/RNSVG » RNSVGArithmeticFilter.mm
› Compiling react-native-svg Pods/RNSVG » RCTConvert+RNSVG.mm
› Compiling react-native-permissions Pods/RNPermissions » RNPermissions.mm
› Compiling @react-native-async-storage/async-storage Pods/RNCAsyncStorage » RNCAsyncStorage.mm
› Compiling react-native Pods/RCTTypeSafety » RCTTypedModuleConstants.mm
› Compiling react-native Pods/RCTTypeSafety » RCTConvertHelpers.mm
› Compiling react-native-safe-area-context Pods/react-native-safe-area-context » react-native-safe-area-context-dummy.m
› Packaging expo-image-manipulator Pods/SDWebImageWebPCoder » libSDWebImageWebPCoder.a
› Compiling react-native-safe-area-context Pods/react-native-safe-area-context » RNCSafeAreaViewMode.m
› Compiling react-native-safe-area-context Pods/react-native-safe-area-context » RNCSafeAreaViewManager.m
› Compiling react-native-safe-area-context Pods/react-native-safe-area-context » RNCSafeAreaViewLocalData.m
› Compiling react-native-safe-area-context Pods/react-native-safe-area-context » RNCSafeAreaViewEdges.m
› Compiling react-native-safe-area-context Pods/react-native-safe-area-context » RNCSafeAreaViewEdgeMode.m
› Compiling react-native-safe-area-context Pods/react-native-safe-area-context » RNCSafeAreaView.m
› Compiling react-native-safe-area-context Pods/react-native-safe-area-context » RNCSafeAreaUtils.m
› Compiling react-native-safe-area-context Pods/react-native-safe-area-context » RNCSafeAreaShadowView.m
› Compiling react-native-safe-area-context Pods/react-native-safe-area-context » RNCSafeAreaProviderManager.m
› Compiling react-native-safe-area-context Pods/react-native-safe-area-context » RNCSafeAreaProvider.m
› Compiling react-native Pods/React-utils » React-utils-dummy.m
› Compiling react-native Pods/React-runtimescheduler » React-runtimescheduler-dummy.m
› Compiling react-native Pods/React-jsinspector » React-jsinspector-dummy.m
› Compiling react-native Pods/React-jsiexecutor » React-jsiexecutor-dummy.m
› Compiling react-native Pods/React-jserrorhandler » React-jserrorhandler-dummy.m
› Compiling react-native Pods/RCTDeprecation » RCTDeprecation.m
› Packaging react-native Pods/RCTDeprecation » libRCTDeprecation.a
› Compiling react-native Pods/React-cxxreact » React-cxxreact-dummy.m
› Compiling react-native Pods/React-RCTText » NSTextStorage+FontScaling.m
› Compiling react-native Pods/React-RCTText » React-RCTText-dummy.m
› Compiling react-native Pods/ReactCommon » ReactCommon-dummy.m
› Compiling react-native Pods/React-RuntimeCore » React-RuntimeCore-dummy.m
› Compiling react-native Pods/React-NativeModulesApple » React-NativeModulesApple-dummy.m
› Compiling react-native Pods/React-Core » RCTVersion.m
› Compiling react-native Pods/React-Core » RCTUtilsUIOverride.m
› Compiling react-native Pods/React-Core » RCTUtils.m
› Compiling react-native Pods/React-RuntimeHermes » React-RuntimeHermes-dummy.m
› Compiling react-native Pods/React-Core » RCTUIUtils.m
› Compiling react-native Pods/React-Core » RCTUIManagerUtils.m
› Compiling react-native Pods/React-Core » RCTTouchEvent.m
› Compiling react-native Pods/React-Core » RCTSurfaceStage.m
› Compiling react-native Pods/React-Core » RCTSurfacePresenterStub.m
› Compiling react-native Pods/React-Core » RCTScrollEvent.m
› Compiling react-native Pods/React-Core » RCTSafeAreaViewLocalData.m
› Compiling react-native Pods/React-hermes » React-hermes-dummy.m
› Compiling react-native Pods/React-Core » RCTReloadCommand.m
› Compiling react-native Pods/React-Core » RCTRefreshControl.m
› Compiling react-native Pods/React-Core » RCTRedBoxSetEnabled.m
› Compiling react-native Pods/React-Core » RCTRedBoxExtraDataViewController.m
› Compiling react-native Pods/React-Core » RCTPerformanceLoggerLabels.m
› Compiling react-native Pods/React-Core » RCTParserUtils.m
› Compiling react-native Pods/React-Core » RCTPackagerClient.m
› Compiling react-native Pods/React-Core » RCTMultipartStreamReader.m
› Compiling react-native Pods/React-Core » RCTMultipartDataTask.m
› Compiling react-native Pods/React-Core » RCTModuleRegistry.m
› Compiling react-native Pods/React-Core » RCTModalManager.m
› Compiling react-native Pods/React-Core » RCTKeyCommands.m
› Compiling react-native Pods/React-Core » RCTJSThread.m
› Compiling react-native Pods/React-Core » RCTJSStackFrame.m
› Compiling react-native Pods/React-Core » RCTInspectorPackagerConnection.m
› Compiling react-native Pods/React-Core » RCTI18nUtil.m
› Compiling react-native Pods/React-Core » RCTFrameUpdate.m
› Compiling react-native Pods/React-Core » RCTEventEmitter.m
› Compiling react-native Pods/React-Core » RCTEventDispatcher.m
› Compiling react-native Pods/React-Core » RCTErrorInfo.m
› Compiling react-native Pods/React-Core » RCTDisplayLink.m
› Compiling react-native Pods/React-Core » UIView+React.m
› Compiling react-native Pods/React-Core » RCTWrapperViewController.m
› Compiling react-native Pods/React-Core » RCTViewUtils.m
› Compiling react-native Pods/React-Core » RCTViewRegistry.m
› Compiling react-native Pods/React-Core » RCTViewManager.m
› Compiling react-native Pods/React-Core » RCTView.m
› Compiling react-native Pods/React-Core » RCTUIManager.m
› Compiling react-native Pods/React-Core » RCTTouchHandler.m
› Compiling react-native Pods/React-Core » RCTSwitchManager.m
› Compiling react-native Pods/React-Core » RCTSwitch.m
› Compiling react-native Pods/React-Core » RCTSurfaceRootShadowView.m
› Compiling react-native Pods/React-Core » RCTShadowView.m
› Compiling react-native Pods/React-Core » RCTShadowView+Layout.m
› Compiling react-native Pods/React-Core » RCTShadowView+Internal.m
› Compiling react-native Pods/React-Core » RCTSegmentedControlManager.m
› Compiling react-native Pods/React-Core » RCTSegmentedControl.m
› Compiling react-native Pods/React-Core » RCTScrollViewManager.m
› Compiling react-native Pods/React-Core » RCTScrollView.m
› Compiling react-native Pods/React-Core » RCTScrollContentViewManager.m
› Compiling react-native Pods/React-Core » RCTScrollContentView.m
› Compiling react-native Pods/React-Core » RCTScrollContentShadowView.m
› Compiling react-native Pods/React-Core » RCTSafeAreaViewManager.m
› Compiling react-native Pods/React-Core » RCTSafeAreaView.m
› Compiling react-native Pods/React-Core » RCTSafeAreaShadowView.m
› Compiling react-native Pods/React-Core » RCTRootView.m
› Compiling react-native Pods/React-Core » RCTRootShadowView.m
› Compiling react-native Pods/React-Core » RCTRootContentView.m
› Compiling react-native Pods/React-Core » RCTRefreshControlManager.m
› Compiling react-native Pods/React-Core » RCTReconnectingWebSocket.m
› Compiling react-native Pods/React-Core » RCTProfile.m
› Compiling react-native Pods/React-Core » RCTModalHostViewManager.m
› Compiling react-native Pods/React-Core » RCTModalHostViewController.m
› Compiling react-native Pods/React-Core » RCTModalHostView.m
› Compiling react-native Pods/React-Core » RCTLayoutAnimationGroup.m
› Compiling react-native Pods/React-Core » RCTLayoutAnimation.m
› Compiling react-native Pods/React-Core » RCTLayout.m
› Compiling react-native Pods/React-Core » RCTImageSource.m
› Compiling react-native Pods/React-Core » RCTDevLoadingViewSetEnabled.m
› Compiling react-native Pods/React-Core » RCTDebuggingOverlayManager.m
› Compiling react-native Pods/React-Core » RCTDebuggingOverlay.m
› Compiling react-native Pods/React-Core » RCTCxxConvert.m
› Compiling react-native Pods/React-Core » RCTConvert+Transform.m
› Compiling react-native Pods/React-Core » RCTConstants.m
› Compiling react-native Pods/React-Core » RCTComponentEvent.m
› Compiling react-native Pods/React-Core » RCTComponentData.m
› Compiling react-native Pods/React-Core » RCTCallableJSModules.m
› Compiling react-native Pods/React-Core » RCTConvert+CoreLocation.m
› Compiling react-native Pods/React-Core » React-Core-dummy.m
› Compiling react-native Pods/React-Core » RCTBundleManager.m
› Compiling react-native Pods/React-Core » RCTBridgeModuleDecorator.m
› Compiling react-native Pods/React-Core » RCTBridgeConstants.m
› Compiling react-native Pods/React-Core » RCTBorderDrawing.m
› Compiling react-native Pods/React-Core » RCTAssert.m
› Compiling react-native Pods/React-Core » RCTActivityIndicatorViewManager.m
› Compiling react-native Pods/React-Core » RCTActivityIndicatorView.m
› Creating  Pods/ExpoFileSystem-ExpoFileSystem_privacy » ExpoFileSystem_privacy.bundle
› Creating  expo-constants Pods/EXConstants-EXConstants » EXConstants.bundle
› Creating  Pods/EXConstants-ExpoConstants_privacy » ExpoConstants_privacy.bundle
› Packaging react-native Pods/RCT-Folly » libRCT-Folly.a
› Packaging react-native Pods/React-jsi » libReact-jsi.a
› Packaging react-native Pods/React-rendererdebug » libReact-rendererdebug.a
› Packaging react-native Pods/React-utils » libReact-utils.a
› Packaging react-native Pods/React-jserrorhandler » libReact-jserrorhandler.a
› Packaging react-native Pods/React-jsinspector » libReact-jsinspector.a
› Packaging react-native Pods/React-cxxreact » libReact-cxxreact.a
› Compiling react-native-permissions Pods/RNPermissions » RNPermissions-dummy.m
› Compiling @react-native-async-storage/async-storage Pods/RNCAsyncStorage » RNCAsyncStorage-dummy.m
› Packaging react-native Pods/ReactCommon » libReactCommon.a
› Packaging react-native Pods/React-jsiexecutor » libReact-jsiexecutor.a
› Packaging react-native Pods/React-runtimescheduler » libReact-runtimescheduler.a
› Compiling react-native Pods/RCTTypeSafety » RCTTypeSafety-dummy.m
› Packaging react-native Pods/React-hermes » libReact-hermes.a
› Packaging react-native Pods/React-RuntimeCore » libReact-RuntimeCore.a
› Packaging react-native Pods/React-Core » libReact-Core.a
› Packaging react-native Pods/React-RuntimeHermes » libReact-RuntimeHermes.a
› Packaging react-native Pods/React-RCTText » libReact-RCTText.a
› Packaging react-native Pods/React-graphics » libReact-graphics.a
› Packaging react-native Pods/React-NativeModulesApple » libReact-NativeModulesApple.a
› Packaging react-native Pods/RCTTypeSafety » libRCTTypeSafety.a
› Packaging react-native-safe-area-context Pods/react-native-safe-area-context » libreact-native-safe-area-context.a
› Packaging @react-native-async-storage/async-storage Pods/RNCAsyncStorage » libRNCAsyncStorage.a
› Packaging react-native-permissions Pods/RNPermissions » libRNPermissions.a
› Executing react-native Pods/React-Fabric » [CP-User] [RN]Check rncore
› Compiling react-native Pods/React-Fabric » YogaLayoutableShadowNode.cpp
› Compiling react-native Pods/React-Fabric » YogaStylableProps.cpp
› Compiling react-native Pods/React-Fabric » stubs.cpp
› Compiling react-native Pods/React-Fabric » utils.cpp
› Compiling react-native Pods/React-Fabric » WeakFamilyRegistry.cpp
› Compiling react-native Pods/React-Fabric » componentNameByReactViewName.cpp
› Compiling react-native Pods/React-Fabric » bindingUtils.cpp
› Compiling react-native Pods/React-Fabric » ViewShadowNode.cpp
› Compiling react-native Pods/React-Fabric » ValueFactoryEventPayload.cpp
› Compiling react-native Pods/React-Fabric » UnstableLegacyViewManagerAutomaticShadowNode.cpp
› Compiling react-native Pods/React-Fabric » UnstableLegacyViewManagerAutomaticComponentDescriptor.cpp
› Compiling react-native Pods/React-Fabric » UnimplementedViewShadowNode.cpp
› Compiling react-native Pods/React-Fabric » UnimplementedViewProps.cpp
› Compiling react-native Pods/React-Fabric » UnimplementedViewComponentDescriptor.cpp
› Compiling react-native Pods/React-Fabric » UnbatchedEventQueue.cpp
› Compiling react-native Pods/React-Fabric » UIManagerBinding.cpp
› Compiling react-native Pods/React-Fabric » UIManager.cpp
› Compiling react-native Pods/React-Fabric » TransactionTelemetry.cpp
› Compiling react-native Pods/React-Fabric » TouchEventEmitter.cpp
› Compiling react-native Pods/React-Fabric » TouchEvent.cpp
› Compiling react-native Pods/React-Fabric » TextShadowNode.cpp
› Compiling react-native Pods/React-Fabric » TextProps.cpp
› Compiling react-native Pods/React-Fabric » TextMeasureCache.cpp
› Compiling react-native Pods/React-Fabric » TextLayoutManager.mm
› Compiling react-native Pods/React-Fabric » TextInputState.cpp
› Compiling react-native Pods/React-Fabric » TextInputShadowNode.cpp
› Compiling react-native Pods/React-Fabric » TextInputProps.cpp
› Compiling react-native Pods/React-Fabric » TextInputEventEmitter.cpp
› Compiling react-native Pods/React-Fabric » TextAttributes.cpp
› Compiling react-native Pods/React-Fabric » TelemetryController.cpp
› Compiling react-native Pods/React-Fabric » SynchronousEventBeat.cpp
› Compiling react-native Pods/React-Fabric » SurfaceTelemetry.cpp
› Compiling react-native Pods/React-Fabric » SurfaceRegistryBinding.cpp
› Compiling react-native Pods/React-Fabric » SurfaceManager.cpp
› Compiling react-native Pods/React-Fabric » SurfaceHandler.cpp
› Compiling react-native Pods/React-Fabric » StubViewTree.cpp
› Compiling react-native Pods/React-Fabric » StubView.cpp
› Compiling react-native Pods/React-Fabric » States.cpp
› Compiling react-native Pods/React-Fabric » StateUpdate.cpp
› Compiling react-native Pods/React-Fabric » State.cpp
› Compiling react-native Pods/React-Fabric » ShadowViewMutation.cpp
› Compiling react-native Pods/React-Fabric » ShadowView.cpp
› Compiling react-native Pods/React-Fabric » ShadowTreeRevision.cpp
› Compiling react-native Pods/React-Fabric » ShadowTreeRegistry.cpp
› Compiling react-native Pods/React-Fabric » ShadowTree.cpp
› Compiling react-native Pods/React-Fabric » ShadowNodes.cpp
› Compiling react-native Pods/React-Fabric » ShadowNodeTraits.cpp
› Compiling react-native Pods/React-Fabric » ShadowNodeFragment.cpp
› Compiling react-native Pods/React-Fabric » ShadowNodeFamily.cpp
› Compiling react-native Pods/React-Fabric » ShadowNode.cpp
› Compiling react-native Pods/React-Fabric » Sealable.cpp
› Compiling react-native Pods/React-Fabric » ScrollViewState.cpp
› Compiling react-native Pods/React-Fabric » ScrollViewShadowNode.cpp
› Compiling react-native Pods/React-Fabric » ScrollViewProps.cpp
› Compiling react-native Pods/React-Fabric » ScrollViewEventEmitter.cpp
› Compiling react-native Pods/React-Fabric » Scheduler.cpp
› Compiling react-native Pods/React-Fabric » SafeAreaViewState.cpp
› Compiling react-native Pods/React-Fabric » SafeAreaViewShadowNode.cpp
› Compiling react-native Pods/React-Fabric » RootShadowNode.cpp
› Compiling react-native Pods/React-Fabric » RootProps.cpp
› Compiling react-native Pods/React-Fabric » RawValue.cpp
› Compiling react-native Pods/React-Fabric » RawTextShadowNode.cpp
› Compiling react-native Pods/React-Fabric » RawTextProps.cpp
› Compiling react-native Pods/React-Fabric » RawPropsParser.cpp
› Compiling react-native Pods/React-Fabric » RawPropsKeyMap.cpp
› Compiling react-native Pods/React-Fabric » RawPropsKey.cpp
› Compiling react-native Pods/React-Fabric » RawProps.cpp
› Compiling react-native Pods/React-Fabric » RawEvent.cpp
› Compiling react-native Pods/React-Fabric » RCTTextLayoutManager.mm
› Compiling react-native Pods/React-Fabric » RCTLegacyViewManagerInteropCoordinator.mm
› Compiling react-native Pods/React-Fabric » RCTFontUtils.mm
› Compiling react-native Pods/React-Fabric » RCTAttributedTextUtils.mm
› Compiling react-native Pods/React-Fabric » Props.cpp
› Compiling react-native Pods/React-Fabric » Props.cpp
› Compiling react-native Pods/React-Fabric » PointerHoverTracker.cpp
› Compiling react-native Pods/React-Fabric » PointerEventsProcessor.cpp
› Compiling react-native Pods/React-Fabric » PointerEvent.cpp
› Compiling react-native Pods/React-Fabric » ParagraphState.cpp
› Compiling react-native Pods/React-Fabric » ParagraphShadowNode.cpp
› Compiling react-native Pods/React-Fabric » ParagraphProps.cpp
› Compiling react-native Pods/React-Fabric » ParagraphLayoutManager.cpp
› Compiling react-native Pods/React-Fabric » ParagraphEventEmitter.cpp
› Compiling react-native Pods/React-Fabric » ParagraphAttributes.cpp
› Compiling react-native Pods/React-Fabric » NativeComponentRegistryBinding.cpp
› Compiling react-native Pods/React-Fabric » MountingTransaction.cpp
› Compiling react-native Pods/React-Fabric » MountingCoordinator.cpp
› Compiling react-native Pods/React-Fabric » ModalHostViewState.cpp
› Compiling react-native Pods/React-Fabric » ModalHostViewShadowNode.cpp
› Compiling react-native Pods/React-Fabric » LegacyViewManagerInteropViewProps.cpp
› Compiling react-native Pods/React-Fabric » LegacyViewManagerInteropViewEventEmitter.cpp
› Compiling react-native Pods/React-Fabric » LegacyViewManagerInteropState.mm
› Compiling react-native Pods/React-Fabric » LegacyViewManagerInteropShadowNode.cpp
› Compiling react-native Pods/React-Fabric » LegacyViewManagerInteropComponentDescriptor.mm
› Compiling react-native Pods/React-Fabric » LeakChecker.cpp
› Compiling react-native Pods/React-Fabric » LayoutableShadowNode.cpp
› Compiling react-native Pods/React-Fabric » LayoutMetrics.cpp
› Compiling react-native Pods/React-Fabric » LayoutConstraints.cpp
› Compiling react-native Pods/React-Fabric » LayoutAnimationKeyFrameManager.cpp
› Compiling react-native Pods/React-Fabric » LayoutAnimationDriver.cpp
› Compiling react-native Pods/React-Fabric » InstanceHandle.cpp
› Compiling react-native Pods/React-Fabric » InputAccessoryShadowNode.cpp
› Compiling react-native Pods/React-Fabric » ImageTelemetry.cpp
› Compiling react-native Pods/React-Fabric » ImageResponseObserverCoordinator.cpp
› Compiling react-native Pods/React-Fabric » ImageResponse.cpp
› Compiling react-native Pods/React-Fabric » ImageRequest.cpp
› Compiling react-native Pods/React-Fabric » EventTarget.cpp
› Compiling react-native Pods/React-Fabric » EventQueueProcessor.cpp
› Compiling react-native Pods/React-Fabric » EventQueue.cpp
› Compiling react-native Pods/React-Fabric » EventLogger.cpp
› Compiling react-native Pods/React-Fabric » EventListener.cpp
› Compiling react-native Pods/React-Fabric » EventEmitters.cpp
› Compiling react-native Pods/React-Fabric » EventEmitter.cpp
› Compiling react-native Pods/React-Fabric » EventDispatcher.cpp
› Compiling react-native Pods/React-Fabric » EventBeat.cpp
› Compiling react-native Pods/React-Fabric » DynamicPropsUtilities.cpp
› Compiling react-native Pods/React-Fabric » Differentiator.cpp
› Compiling react-native Pods/React-Fabric » ComponentDescriptors.cpp
› Compiling react-native Pods/React-Fabric » ComponentDescriptorRegistry.cpp
› Compiling react-native Pods/React-Fabric » ComponentDescriptorProviderRegistry.cpp
› Compiling react-native Pods/React-Fabric » ComponentDescriptor.cpp
› Compiling react-native Pods/React-Fabric » BatchedEventQueue.cpp
› Compiling react-native Pods/React-Fabric » BaseViewProps.cpp
› Compiling react-native Pods/React-Fabric » BaseViewEventEmitter.cpp
› Compiling react-native Pods/React-Fabric » BaseTouch.cpp
› Compiling react-native Pods/React-Fabric » BaseTextShadowNode.cpp
› Compiling react-native Pods/React-Fabric » BaseTextProps.cpp
› Compiling react-native Pods/React-Fabric » AttributedStringBox.cpp
› Compiling react-native Pods/React-Fabric » AttributedString.cpp
› Compiling react-native Pods/React-Fabric » AsynchronousEventBeat.cpp
› Compiling react-native Pods/React-Fabric » AccessibilityProps.cpp
› Compiling react-native Pods/React-ImageManager » RCTSyncImageManager.mm
› Compiling react-native Pods/React-ImageManager » RCTImageManager.mm
› Compiling react-native Pods/React-ImageManager » ImageManager.mm
› Compiling react-native Pods/React-FabricImage » ImageShadowNode.cpp
› Compiling react-native Pods/React-FabricImage » ImageState.cpp
› Compiling react-native Pods/React-FabricImage » ImageProps.cpp
› Compiling react-native Pods/React-FabricImage » ImageEventEmitter.cpp
› Compiling react-native Pods/React-ImageManager » React-ImageManager-dummy.m
› Compiling react-native Pods/React-Fabric » React-Fabric-dummy.m
› Packaging react-native Pods/React-Fabric » libReact-Fabric.a
› Compiling react-native-svg Pods/RNSVG » RNSVG-dummy.m
› Packaging react-native-svg Pods/RNSVG » libRNSVG.a
› Compiling react-native Pods/React-FabricImage » React-FabricImage-dummy.m
› Packaging react-native Pods/React-ImageManager » libReact-ImageManager.a
› Packaging react-native Pods/React-FabricImage » libReact-FabricImage.a
› Executing sonarlyapp2 Pods/React-Codegen » [CP-User] Generate Specs
› Compiling sonarlyapp2 Pods/React-Codegen » States.cpp
› Compiling sonarlyapp2 Pods/React-Codegen » safeareacontextJSI-generated.cpp
› Compiling sonarlyapp2 Pods/React-Codegen » rnsvgJSI-generated.cpp
› Compiling sonarlyapp2 Pods/React-Codegen » rnsvg-generated.mm
› Compiling sonarlyapp2 Pods/React-Codegen » safeareacontext-generated.mm
› Compiling sonarlyapp2 Pods/React-Codegen » rnscreensJSI-generated.cpp
› Compiling sonarlyapp2 Pods/React-Codegen » rnscreens-generated.mm
› Compiling sonarlyapp2 Pods/React-Codegen » rnreanimatedJSI-generated.cpp
› Compiling sonarlyapp2 Pods/React-Codegen » rnreanimated-generated.mm
› Compiling sonarlyapp2 Pods/React-Codegen » rngesturehandler_codegenJSI-generated.cpp
› Compiling sonarlyapp2 Pods/React-Codegen » rngesturehandler_codegen-generated.mm
› Compiling sonarlyapp2 Pods/React-Codegen » rnasyncstorageJSI-generated.cpp
› Compiling sonarlyapp2 Pods/React-Codegen » rnasyncstorage-generated.mm
› Compiling sonarlyapp2 Pods/React-Codegen » States.cpp
› Compiling sonarlyapp2 Pods/React-Codegen » States.cpp
› Compiling sonarlyapp2 Pods/React-Codegen » States.cpp
› Compiling sonarlyapp2 Pods/React-Codegen » States.cpp
› Compiling sonarlyapp2 Pods/React-Codegen » ShadowNodes.cpp
› Compiling sonarlyapp2 Pods/React-Codegen » ShadowNodes.cpp
› Compiling sonarlyapp2 Pods/React-Codegen » ShadowNodes.cpp
› Compiling sonarlyapp2 Pods/React-Codegen » ShadowNodes.cpp
› Compiling sonarlyapp2 Pods/React-Codegen » ShadowNodes.cpp
› Compiling sonarlyapp2 Pods/React-Codegen » RNWorkletsSpecJSI-generated.cpp
› Compiling sonarlyapp2 Pods/React-Codegen » RNWorkletsSpec-generated.mm
› Compiling sonarlyapp2 Pods/React-Codegen » RNVectorIconsSpecJSI-generated.cpp
› Compiling sonarlyapp2 Pods/React-Codegen » RNVectorIconsSpec-generated.mm
› Compiling sonarlyapp2 Pods/React-Codegen » RNPermissionsSpecJSI-generated.cpp
› Compiling sonarlyapp2 Pods/React-Codegen » RNPermissionsSpec-generated.mm
› Compiling sonarlyapp2 Pods/React-Codegen » RCTModulesConformingToProtocolsProvider.mm
› Compiling sonarlyapp2 Pods/React-Codegen » Props.cpp
› Compiling sonarlyapp2 Pods/React-Codegen » Props.cpp
› Compiling sonarlyapp2 Pods/React-Codegen » Props.cpp
› Compiling sonarlyapp2 Pods/React-Codegen » Props.cpp
› Compiling sonarlyapp2 Pods/React-Codegen » Props.cpp
› Compiling sonarlyapp2 Pods/React-Codegen » FBReactNativeSpecJSI-generated.cpp
› Compiling sonarlyapp2 Pods/React-Codegen » FBReactNativeSpec-generated.mm
› Compiling sonarlyapp2 Pods/React-Codegen » EventEmitters.cpp
› Compiling sonarlyapp2 Pods/React-Codegen » EventEmitters.cpp
› Compiling sonarlyapp2 Pods/React-Codegen » EventEmitters.cpp
› Compiling sonarlyapp2 Pods/React-Codegen » EventEmitters.cpp
› Compiling sonarlyapp2 Pods/React-Codegen » EventEmitters.cpp
› Compiling sonarlyapp2 Pods/React-Codegen » ComponentDescriptors.cpp
› Compiling sonarlyapp2 Pods/React-Codegen » ComponentDescriptors.cpp
› Compiling sonarlyapp2 Pods/React-Codegen » ComponentDescriptors.cpp
› Compiling sonarlyapp2 Pods/React-Codegen » ComponentDescriptors.cpp
› Compiling sonarlyapp2 Pods/React-Codegen » ComponentDescriptors.cpp
› Compiling react-native Pods/React-RCTVibration » RCTVibrationPlugins.mm
› Compiling react-native Pods/React-RCTVibration » RCTVibration.mm
› Compiling react-native Pods/React-RCTSettings » RCTSettingsPlugins.mm
› Compiling react-native Pods/React-RCTSettings » RCTSettingsManager.mm
› Compiling react-native Pods/React-RCTNetwork » RCTNetworking.mm
› Compiling react-native Pods/React-RCTNetwork » RCTNetworkTask.mm
› Compiling react-native Pods/React-RCTNetwork » RCTNetworkPlugins.mm
› Compiling react-native Pods/React-RCTNetwork » RCTHTTPRequestHandler.mm
› Compiling react-native Pods/React-RCTNetwork » RCTFileRequestHandler.mm
› Compiling react-native Pods/React-RCTNetwork » RCTDataRequestHandler.mm
› Compiling react-native Pods/React-RCTLinking » RCTLinkingPlugins.mm
› Compiling react-native Pods/React-RCTLinking » RCTLinkingManager.mm
› Compiling react-native Pods/React-RCTAnimation » RCTValueAnimatedNode.mm
› Compiling react-native Pods/React-RCTAnimation » RCTTransformAnimatedNode.mm
› Compiling react-native Pods/React-RCTAnimation » RCTTrackingAnimatedNode.mm
› Compiling react-native Pods/React-RCTAnimation » RCTSubtractionAnimatedNode.mm
› Compiling react-native Pods/React-RCTAnimation » RCTStyleAnimatedNode.mm
› Compiling react-native Pods/React-RCTAnimation » RCTSpringAnimation.mm
› Compiling react-native Pods/React-RCTAnimation » RCTPropsAnimatedNode.mm
› Compiling react-native Pods/React-RCTAnimation » RCTObjectAnimatedNode.mm
› Compiling react-native Pods/React-RCTAnimation » RCTNativeAnimatedTurboModule.mm
› Compiling react-native Pods/React-RCTAnimation » RCTNativeAnimatedNodesManager.mm
› Compiling react-native Pods/React-RCTAnimation » RCTNativeAnimatedModule.mm
› Compiling react-native Pods/React-RCTAnimation » RCTMultiplicationAnimatedNode.mm
› Compiling react-native Pods/React-RCTAnimation » RCTModuloAnimatedNode.mm
› Compiling react-native Pods/React-RCTAnimation » RCTInterpolationAnimatedNode.mm
› Compiling react-native Pods/React-RCTAnimation » RCTFrameAnimation.mm
› Compiling react-native Pods/React-RCTAnimation » RCTEventAnimation.mm
› Compiling react-native Pods/React-RCTAnimation » RCTDivisionAnimatedNode.mm
› Compiling react-native Pods/React-RCTAnimation » RCTDiffClampAnimatedNode.mm
› Compiling react-native Pods/React-RCTAnimation » RCTDecayAnimation.mm
› Compiling react-native Pods/React-RCTAnimation » RCTColorAnimatedNode.mm
› Compiling react-native Pods/React-RCTAnimation » RCTAnimationUtils.mm
› Compiling react-native Pods/React-RCTAnimation » RCTAnimationPlugins.mm
› Compiling react-native Pods/React-RCTAnimation » RCTAnimatedNode.mm
› Compiling react-native Pods/React-RCTAnimation » RCTAdditionAnimatedNode.mm
› Compiling sonarlyapp2 Pods/React-Codegen » React-Codegen-dummy.m
› Packaging sonarlyapp2 Pods/React-Codegen » libReact-Codegen.a
› Compiling react-native Pods/React-RCTImage » RCTUIImageViewAnimated.mm
› Compiling react-native Pods/React-RCTImage » RCTResizeMode.mm
› Compiling react-native Pods/React-RCTImage » RCTLocalAssetImageLoader.mm
› Compiling react-native Pods/React-RCTImage » RCTImageViewManager.mm
› Compiling react-native Pods/React-RCTVibration » React-RCTVibration-dummy.m
› Compiling react-native Pods/React-RCTNetwork » React-RCTNetwork-dummy.m
› Compiling react-native Pods/React-RCTSettings » React-RCTSettings-dummy.m
› Compiling react-native Pods/React-RCTImage » RCTImageView.mm
› Compiling react-native Pods/React-RCTImage » RCTImageUtils.mm
› Compiling react-native Pods/React-RCTImage » RCTImageURLLoaderWithAttribution.mm
› Compiling react-native Pods/React-RCTImage » RCTImageStoreManager.mm
› Compiling react-native Pods/React-RCTLinking » React-RCTLinking-dummy.m
› Compiling react-native Pods/React-RCTImage » RCTImageShadowView.mm
› Compiling react-native Pods/React-RCTImage » RCTImagePlugins.mm
› Compiling react-native Pods/React-RCTImage » RCTImageLoader.mm
› Compiling react-native Pods/React-RCTImage » RCTImageEditingManager.mm
› Compiling react-native Pods/React-RCTImage » RCTImageCache.mm
› Compiling react-native Pods/React-RCTImage » RCTImageBlurUtils.mm
› Compiling react-native Pods/React-RCTImage » RCTGIFImageDecoder.mm
› Compiling react-native Pods/React-RCTImage » RCTDisplayWeakRefreshable.mm
› Compiling react-native Pods/React-RCTImage » RCTBundleAssetImageLoader.mm
› Compiling react-native Pods/React-RCTImage » RCTAnimatedImage.mm
› Compiling react-native Pods/React-RCTFabric » UIView+ComponentViewProtocol.mm
› Compiling react-native Pods/React-RCTFabric » RCTViewComponentView.mm
› Compiling react-native Pods/React-RCTFabric » RCTUnimplementedViewComponentView.mm
› Compiling react-native Pods/React-RCTFabric » RCTUnimplementedNativeComponentView.mm
› Compiling react-native Pods/React-RCTFabric » RCTThirdPartyFabricComponentsProvider.mm
› Compiling react-native Pods/React-RCTFabric » RCTTextInputUtils.mm
› Compiling react-native Pods/React-RCTFabric » RCTTextInputComponentView.mm
› Compiling react-native Pods/React-RCTFabric » RCTSwitchComponentView.mm
› Compiling react-native Pods/React-RCTFabric » RCTSurfaceTouchHandler.mm
› Compiling react-native Pods/React-RCTFabric » RCTSurfaceRegistry.mm
› Compiling react-native Pods/React-RCTFabric » RCTSurfacePresenterBridgeAdapter.mm
› Compiling react-native Pods/React-RCTFabric » RCTSurfacePresenter.mm
› Compiling react-native Pods/React-RCTFabric » RCTSurfacePointerHandler.mm
› Compiling react-native Pods/React-RCTFabric » RCTScrollViewComponentView.mm
› Compiling react-native Pods/React-RCTFabric » RCTScheduler.mm
› Compiling react-native Pods/React-RCTFabric » RCTSafeAreaViewComponentView.mm
› Compiling react-native Pods/React-RCTFabric » RCTRootComponentView.mm
› Compiling react-native Pods/React-RCTFabric » RCTReactTaggedView.mm
› Compiling react-native Pods/React-RCTFabric » RCTPullToRefreshViewComponentView.mm
› Compiling react-native Pods/React-RCTFabric » RCTParagraphComponentView.mm
› Compiling react-native Pods/React-RCTFabric » RCTParagraphComponentAccessibilityProvider.mm
› Compiling react-native Pods/React-RCTFabric » RCTMountingTransactionObserverCoordinator.mm
› Compiling react-native Pods/React-RCTFabric » RCTMountingManager.mm
› Compiling react-native Pods/React-RCTFabric » RCTModalHostViewComponentView.mm
› Compiling react-native Pods/React-RCTFabric » RCTLocalizationProvider.mm
› Compiling react-native Pods/React-RCTFabric » RCTLegacyViewManagerInteropCoordinatorAdapter.mm
› Compiling react-native Pods/React-RCTFabric » RCTLegacyViewManagerInteropComponentView.mm
› Compiling react-native Pods/React-RCTFabric » RCTInputAccessoryContentView.mm
› Compiling react-native Pods/React-RCTFabric » RCTInputAccessoryComponentView.mm
› Compiling react-native Pods/React-RCTFabric » RCTImageResponseObserverProxy.mm
› Compiling react-native Pods/React-RCTFabric » RCTImageComponentView.mm
› Compiling react-native Pods/React-RCTFabric » RCTGenericDelegateSplitter.mm
› Compiling react-native Pods/React-RCTFabric » RCTFabricSurface.mm
› Compiling react-native Pods/React-RCTFabric » RCTFabricModalHostViewController.mm
› Compiling react-native Pods/React-RCTFabric » RCTFabricComponentsPlugins.mm
› Compiling react-native Pods/React-RCTFabric » RCTEnhancedScrollView.mm
› Compiling react-native Pods/React-RCTFabric » RCTDebuggingOverlayComponentView.mm
› Compiling react-native Pods/React-RCTFabric » RCTComponentViewRegistry.mm
› Compiling react-native Pods/React-RCTFabric » RCTComponentViewFactory.mm
› Compiling react-native Pods/React-RCTFabric » RCTActivityIndicatorViewComponentView.mm
› Compiling react-native Pods/React-RCTFabric » RCTAccessibilityElement.mm
› Compiling react-native Pods/React-RCTFabric » PlatformRunLoopObserver.mm
› Compiling react-native Pods/React-RCTBlob » RCTFileReaderModule.mm
› Compiling react-native Pods/React-RCTBlob » RCTBlobPlugins.mm
› Compiling react-native Pods/React-RCTBlob » RCTBlobManager.mm
› Compiling react-native Pods/React-RCTBlob » RCTBlobCollector.mm
› Compiling react-native Pods/React-RCTAnimation » React-RCTAnimation-dummy.m
› Compiling react-native-screens Pods/RNScreens » UIWindow+RNScreens.mm
› Compiling react-native-worklets-core Pods/react-native-worklets-core » Worklets.mm
› Compiling react-native-worklets-core Pods/react-native-worklets-core » WKTRuntimeLifecycleMonitor.cpp
› Compiling react-native-worklets-core Pods/react-native-worklets-core » WKTJsiWrapper.cpp
› Compiling react-native-worklets-core Pods/react-native-worklets-core » WKTJsiWorkletContext.cpp
› Compiling react-native-worklets-core Pods/react-native-worklets-core » WKTJsiWorkletApi.cpp
› Compiling react-native-worklets-core Pods/react-native-worklets-core » WKTJsiPromiseWrapper.cpp
› Compiling react-native-worklets-core Pods/react-native-worklets-core » WKTJsiHostObject.cpp
› Compiling react-native-worklets-core Pods/react-native-worklets-core » WKTDispatchQueue.cpp
› Compiling @react-native-community/slider Pods/react-native-slider » RNCSliderComponentView.mm
› Compiling react-native Pods/React-RuntimeApple » RCTPerformanceLoggerUtils.mm
› Compiling react-native Pods/React-RuntimeApple » RCTLegacyUIManagerConstantsProvider.mm
› Compiling react-native Pods/React-RuntimeApple » RCTJSThreadManager.mm
› Compiling react-native Pods/React-RuntimeApple » RCTInstance.mm
› Compiling react-native Pods/React-RuntimeApple » RCTHost.mm
› Compiling react-native Pods/React-RuntimeApple » RCTHermesInstance.mm
› Compiling react-native Pods/React-RuntimeApple » ObjCTimerRegistry.mm
› Compiling react-native Pods/React-RCTImage » React-RCTImage-dummy.m
› Compiling react-native Pods/React-RCTBlob » React-RCTBlob-dummy.m
› Compiling react-native Pods/React-CoreModules » RCTWebSocketModule.mm
› Compiling react-native Pods/React-CoreModules » RCTWebSocketExecutor.mm
› Compiling react-native Pods/React-CoreModules » RCTTiming.mm
› Compiling react-native Pods/React-CoreModules » RCTStatusBarManager.mm
› Compiling react-native Pods/React-CoreModules » RCTSourceCode.mm
› Compiling react-native Pods/React-CoreModules » RCTRedBox.mm
› Compiling react-native Pods/React-CoreModules » RCTPlatform.mm
› Compiling react-native Pods/React-CoreModules » RCTPerfMonitor.mm
› Compiling react-native Pods/React-CoreModules » RCTLogBoxView.mm
› Compiling react-native Pods/React-CoreModules » RCTLogBox.mm
› Compiling react-native Pods/React-CoreModules » RCTKeyboardObserver.mm
› Compiling react-native Pods/React-CoreModules » RCTI18nManager.mm
› Compiling react-native Pods/React-CoreModules » RCTFPSGraph.mm
› Compiling react-native Pods/React-CoreModules » RCTExceptionsManager.mm
› Compiling react-native Pods/React-CoreModules » RCTEventDispatcher.mm
› Compiling react-native Pods/React-CoreModules » RCTDeviceInfo.mm
› Compiling react-native Pods/React-CoreModules » RCTDevSettings.mm
› Compiling react-native Pods/React-CoreModules » RCTDevMenu.mm
› Compiling react-native Pods/React-CoreModules » RCTDevLoadingView.mm
› Compiling react-native Pods/React-CoreModules » RCTClipboard.mm
› Compiling react-native Pods/React-CoreModules » RCTAppearance.mm
› Compiling react-native Pods/React-CoreModules » RCTAppState.mm
› Compiling react-native Pods/React-CoreModules » RCTAlertManager.mm
› Compiling react-native Pods/React-CoreModules » RCTAlertController.mm
› Compiling react-native Pods/React-CoreModules » RCTActionSheetManager.mm
› Compiling react-native Pods/React-CoreModules » RCTAccessibilityManager.mm
› Compiling react-native Pods/React-CoreModules » CoreModulesPlugins.mm
› Compiling react-native-vector-icons Pods/RNVectorIcons » RNVectorIconsManager.mm
› Compiling react-native-screens Pods/RNScreens » UIViewController+RNScreens.mm
› Compiling react-native-screens Pods/RNScreens » UIView+RNSUtility.mm
› Compiling react-native-screens Pods/RNScreens » UIScrollView+RNScreens.mm
› Compiling react-native-screens Pods/RNScreens » UINavigationBar+RNSUtility.mm
› Compiling react-native-screens Pods/RNScreens » RNScreensTurboModule.cpp
› Compiling react-native-screens Pods/RNScreens » RNSUIBarButtonItem.mm
› Compiling react-native-screens Pods/RNScreens » RNSTabsScreenViewController.mm
› Compiling react-native-screens Pods/RNScreens » RNSTabBarControllerDelegate.mm
› Compiling react-native-screens Pods/RNScreens » RNSTabBarController.mm
› Compiling react-native-screens Pods/RNScreens » RNSTabBarAppearanceCoordinator.mm
› Compiling react-native-screens Pods/RNScreens » RNSSearchBar.mm
› Compiling react-native-screens Pods/RNScreens » RNSScrollViewHelper.mm
› Compiling react-native-screens Pods/RNScreens » RNSScrollViewFinder.mm
› Compiling react-native-screens Pods/RNScreens » RNSScreenWindowTraits.mm
› Compiling react-native-screens Pods/RNScreens » RNSScreenViewEvent.mm
› Compiling react-native-screens Pods/RNScreens » RNSScreenStackHeaderSubview.mm
› Compiling react-native-screens Pods/RNScreens » RNSScreenStackHeaderConfig.mm
› Compiling react-native-screens Pods/RNScreens » RNSScreenStackAnimator.mm
› Compiling react-native-screens Pods/RNScreens » RNSScreenStack.mm
› Compiling react-native-screens Pods/RNScreens » RNSScreenNavigationContainer.mm
› Compiling react-native-screens Pods/RNScreens » RNSScreenFooter.mm
› Compiling react-native-screens Pods/RNScreens » RNSScreenContentWrapper.mm
› Compiling react-native-screens Pods/RNScreens » RNSScreenContainer.mm
› Compiling react-native-screens Pods/RNScreens » RNSScreen.mm
› Compiling react-native-screens Pods/RNScreens » RNSReactBaseView.mm
› Compiling react-native-screens Pods/RNScreens » RNSPercentDrivenInteractiveTransition.mm
› Compiling react-native-screens Pods/RNScreens » RNSModule.mm
› Compiling react-native-screens Pods/RNScreens » RNSModalScreen.mm
› Compiling react-native-screens Pods/RNScreens » RNSHeaderHeightChangeEvent.mm
› Compiling react-native-screens Pods/RNScreens » RNSGammaStubs.mm
› Compiling react-native-screens Pods/RNScreens » RNSFullWindowOverlay.mm
› Compiling react-native-screens Pods/RNScreens » RNSConvert.mm
› Compiling react-native-screens Pods/RNScreens » RNSConversions-SplitView.mm
› Compiling react-native-screens Pods/RNScreens » RNSConversions-BottomTabs.mm
› Compiling react-native-screens Pods/RNScreens » RNSBottomTabsScreenEventEmitter.mm
› Compiling react-native-screens Pods/RNScreens » RNSBottomTabsScreenComponentViewManager.mm
› Compiling react-native-screens Pods/RNScreens » RNSBottomTabsScreenComponentView.mm
› Compiling react-native-screens Pods/RNScreens » RNSBottomTabsHostEventEmitter.mm
› Compiling react-native-screens Pods/RNScreens » RNSBottomTabsHostComponentViewManager.mm
› Compiling react-native-screens Pods/RNScreens » RNSBottomTabsHostComponentView.mm
› Compiling react-native-screens Pods/RNScreens » RNSBottomTabsHostComponentView+RNSImageLoader.mm
› Compiling react-native-screens Pods/RNScreens » RCTTouchHandler+RNSUtility.mm
› Compiling react-native-screens Pods/RNScreens » RCTSurfaceTouchHandler+RNSUtility.mm
› Compiling react-native-screens Pods/RNScreens » RCTImageComponentView+RNSScreenStackHeaderConfig.mm
› Compiling react-native-screens Pods/RNScreens » RCTConvert+RNSBottomTabs.mm
› Compiling react-native-screens Pods/RNScreens » NSString+RNSUtility.mm
› Compiling react-native-reanimated Pods/RNReanimated » WorkletRuntimeRegistry.cpp
› Compiling react-native-reanimated Pods/RNReanimated » WorkletRuntimeDecorator.cpp
› Compiling react-native-reanimated Pods/RNReanimated » WorkletRuntime.cpp
› Compiling react-native-reanimated Pods/RNReanimated » WorkletEventHandler.cpp
› Compiling react-native-reanimated Pods/RNReanimated » UIScheduler.cpp
› Compiling react-native-reanimated Pods/RNReanimated » UIRuntimeDecorator.cpp
› Compiling react-native-reanimated Pods/RNReanimated » Shareables.cpp
› Compiling react-native-reanimated Pods/RNReanimated » ShadowTreeCloner.cpp
› Compiling react-native-reanimated Pods/RNReanimated » ReanimatedVersion.cpp
› Compiling react-native-reanimated Pods/RNReanimated » ReanimatedRuntime.cpp
› Compiling react-native-reanimated Pods/RNReanimated » ReanimatedMountHook.cpp
› Compiling react-native-reanimated Pods/RNReanimated » ReanimatedJSIUtils.cpp
› Compiling react-native-reanimated Pods/RNReanimated » ReanimatedHermesRuntime.cpp
› Compiling react-native-reanimated Pods/RNReanimated » ReanimatedCommitMarker.cpp
› Compiling react-native-reanimated Pods/RNReanimated » ReanimatedCommitHook.cpp
› Compiling react-native-reanimated Pods/RNReanimated » RNRuntimeDecorator.cpp
› Compiling react-native-reanimated Pods/RNReanimated » REASwizzledUIManager.mm
› Compiling react-native-reanimated Pods/RNReanimated » REASlowAnimations.mm
› Compiling react-native-reanimated Pods/RNReanimated » REANodesManager.mm
› Compiling react-native-reanimated Pods/RNReanimated » REAModule.mm
› Compiling react-native-reanimated Pods/RNReanimated » REAMessageThread.mm
› Compiling react-native-reanimated Pods/RNReanimated » REAKeyboardEventObserver.mm
› Compiling react-native-reanimated Pods/RNReanimated » REAInitializerRCTFabricSurface.mm
› Compiling react-native-reanimated Pods/RNReanimated » REAInitializer.mm
› Compiling react-native-reanimated Pods/RNReanimated » REAIOSUIScheduler.mm
› Compiling react-native-reanimated Pods/RNReanimated » REAIOSLogger.mm
› Compiling react-native-reanimated Pods/RNReanimated » PropsRegistry.cpp
› Compiling react-native-reanimated Pods/RNReanimated » PlatformDepMethodsHolderImpl.mm
› Compiling react-native-reanimated Pods/RNReanimated » NativeReanimatedModuleSpec.cpp
› Compiling react-native-reanimated Pods/RNReanimated » NativeReanimatedModule.cpp
› Compiling react-native-reanimated Pods/RNReanimated » NativeProxy.mm
› Compiling react-native-reanimated Pods/RNReanimated » NativeMethods.mm
› Compiling react-native-reanimated Pods/RNReanimated » LayoutAnimationsManager.cpp
› Compiling react-native-reanimated Pods/RNReanimated » JSScheduler.cpp
› Compiling react-native-reanimated Pods/RNReanimated » JSLogger.cpp
› Compiling react-native-reanimated Pods/RNReanimated » JSISerializer.cpp
› Compiling react-native-reanimated Pods/RNReanimated » FeaturesConfig.cpp
› Compiling react-native-reanimated Pods/RNReanimated » EventHandlerRegistry.cpp
› Compiling react-native-reanimated Pods/RNReanimated » AsyncQueue.cpp
› Compiling react-native-reanimated Pods/RNReanimated » AnimatedSensorModule.cpp
› Compiling react-native-gesture-handler Pods/RNGestureHandler » RNNativeViewHandler.mm
› Compiling react-native-gesture-handler Pods/RNGestureHandler » RNGestureHandlerRootViewComponentView.mm
› Compiling react-native-gesture-handler Pods/RNGestureHandler » RNGestureHandlerModule.mm
› Compiling react-native-gesture-handler Pods/RNGestureHandler » RNGestureHandlerManager.mm
› Compiling react-native-gesture-handler Pods/RNGestureHandler » RNGestureHandlerButtonComponentView.mm
› Compiling react-native-worklets-core Pods/react-native-worklets-core » react-native-worklets-core-dummy.m
› Compiling @react-native-community/slider Pods/react-native-slider » react-native-slider-dummy.m
› Compiling react-native-screens Pods/RNScreens » RNScreens-dummy.m
› Compiling react-native Pods/React-CoreModules » React-CoreModules-dummy.m
› Compiling react-native Pods/React-RuntimeApple » React-RuntimeApple-dummy.m
› Compiling react-native-vector-icons Pods/RNVectorIcons » RNVectorIcons-dummy.m
› Compiling react-native-vision-camera Pods/VisionCamera » VisionCameraProxyHolder.mm
› Compiling react-native-vision-camera Pods/VisionCamera » VisionCameraProxy.mm
› Compiling react-native-vision-camera Pods/VisionCamera » VisionCameraInstaller.mm
› Compiling react-native-vision-camera Pods/VisionCamera » SharedArray.mm
› Compiling react-native-vision-camera Pods/VisionCamera » JSINSObjectConversion.mm
› Compiling react-native-vision-camera Pods/VisionCamera » FrameProcessorPluginHostObject.mm
› Compiling react-native-vision-camera Pods/VisionCamera » FrameProcessor.mm
› Compiling react-native-vision-camera Pods/VisionCamera » FrameHostObject.mm
› Compiling react-native Pods/React-RCTFabric » React-RCTFabric-dummy.m
› Compiling react-native Pods/React-RCTAppDelegate » RCTRootViewFactory.mm
› Compiling react-native Pods/React-RCTAppDelegate » RCTAppSetupUtils.mm
› Compiling react-native Pods/React-RCTAppDelegate » RCTAppDelegate.mm
› Compiling react-native-gesture-handler Pods/RNGestureHandler » RNGestureHandler-dummy.m
› Compiling @react-native-community/slider Pods/react-native-slider » RNCSliderManager.m
› Compiling @react-native-community/slider Pods/react-native-slider » RNCSlider.m
› Compiling react-native-gesture-handler Pods/RNGestureHandler » RNTapHandler.m
› Compiling react-native-gesture-handler Pods/RNGestureHandler » RNRotationHandler.m
› Compiling react-native-gesture-handler Pods/RNGestureHandler » RNRootViewGestureRecognizer.m
› Compiling react-native-gesture-handler Pods/RNGestureHandler » RNPinchHandler.m
› Compiling react-native-gesture-handler Pods/RNGestureHandler » RNPanHandler.m
› Compiling react-native-gesture-handler Pods/RNGestureHandler » RNManualHandler.m
› Compiling react-native-gesture-handler Pods/RNGestureHandler » RNManualActivationRecognizer.m
› Compiling react-native-gesture-handler Pods/RNGestureHandler » RNLongPressHandler.m
› Compiling react-native-gesture-handler Pods/RNGestureHandler » RNHoverHandler.m
› Compiling react-native-gesture-handler Pods/RNGestureHandler » RNGestureHandlerRegistry.m
› Compiling react-native-gesture-handler Pods/RNGestureHandler » RNGestureHandlerPointerTracker.m
› Compiling react-native-gesture-handler Pods/RNGestureHandler » RNGestureHandlerEvents.m
› Compiling react-native-gesture-handler Pods/RNGestureHandler » RNGestureHandlerButtonManager.m
› Compiling react-native-gesture-handler Pods/RNGestureHandler » RNGestureHandlerButton.m
› Compiling react-native-gesture-handler Pods/RNGestureHandler » RNGestureHandler.m
› Compiling react-native-gesture-handler Pods/RNGestureHandler » RNForceTouchHandler.m
› Compiling react-native-gesture-handler Pods/RNGestureHandler » RNFlingHandler.m
› Compiling react-native-reanimated Pods/RNReanimated » RNReanimated-dummy.m
› Compiling react-native-reanimated Pods/RNReanimated » ReanimatedSensorContainer.m
› Compiling react-native-reanimated Pods/RNReanimated » ReanimatedSensor.m
› Compiling react-native-reanimated Pods/RNReanimated » REAUtils.m
› Compiling react-native-reanimated Pods/RNReanimated » REASharedElement.m
› Compiling react-native-reanimated Pods/RNReanimated » REAFrame.m
› Compiling react-native-reanimated Pods/RNReanimated » RCTUIView+Reanimated.m
› Compiling react-native-reanimated Pods/RNReanimated » REASnapshot.m
› Compiling react-native Pods/React-RCTAppDelegate » React-RCTAppDelegate-dummy.m
› Compiling react-native-reanimated Pods/RNReanimated » REASharedTransitionManager.m
› Compiling react-native-reanimated Pods/RNReanimated » REAScreensHelper.m
› Compiling react-native-reanimated Pods/RNReanimated » REAAnimationsManager.m
› Compiling react-native-reanimated Pods/RNReanimated » RCTEventDispatcher+Reanimated.m
› Packaging react-native Pods/React-RCTVibration » libReact-RCTVibration.a
› Packaging react-native Pods/React-RCTSettings » libReact-RCTSettings.a
› Packaging react-native Pods/React-RCTNetwork » libReact-RCTNetwork.a
› Packaging react-native Pods/React-RCTLinking » libReact-RCTLinking.a
› Packaging react-native Pods/React-RCTAnimation » libReact-RCTAnimation.a
› Packaging react-native Pods/React-RCTImage » libReact-RCTImage.a
› Packaging react-native Pods/React-RCTBlob » libReact-RCTBlob.a
› Packaging react-native Pods/React-RCTFabric » libReact-RCTFabric.a
› Packaging react-native Pods/React-CoreModules » libReact-CoreModules.a
› Packaging react-native-worklets-core Pods/react-native-worklets-core » libreact-native-worklets-core.a
› Packaging @react-native-community/slider Pods/react-native-slider » libreact-native-slider.a
› Packaging react-native Pods/React-RuntimeApple » libReact-RuntimeApple.a
› Packaging react-native-vector-icons Pods/RNVectorIcons » libRNVectorIcons.a
› Packaging react-native-screens Pods/RNScreens » libRNScreens.a
› Packaging react-native-reanimated Pods/RNReanimated » libRNReanimated.a
› Packaging react-native-gesture-handler Pods/RNGestureHandler » libRNGestureHandler.a
› Packaging react-native Pods/React-RCTAppDelegate » libReact-RCTAppDelegate.a
› Compiling react-native-vision-camera Pods/VisionCamera » FrameProcessorPluginRegistry.m
› Compiling react-native-vision-camera Pods/VisionCamera » Frame.m
› Compiling react-native-vision-camera Pods/VisionCamera » VisionCamera-dummy.m
› Compiling react-native-vision-camera Pods/VisionCamera » FrameProcessorPlugin.m
› Compiling react-native-vision-camera Pods/VisionCamera » CameraViewManager.m
› Compiling react-native-vision-camera Pods/VisionCamera » CameraDevicesManager.m
› Packaging react-native-vision-camera Pods/VisionCamera » libVisionCamera.a
› Executing react-native-vision-camera Pods/VisionCamera » Copy generated compatibility header
› Compiling expo-modules-core Pods/ExpoModulesCore » TypedArray.cpp
› Compiling expo-modules-core Pods/ExpoModulesCore » SharedObject.cpp
› Compiling expo-modules-core Pods/ExpoModulesCore » RCTAppDelegate+Recreate.mm
› Compiling expo-modules-core Pods/ExpoModulesCore » ObjectDeallocator.cpp
› Compiling expo-modules-core Pods/ExpoModulesCore » NativeModule.cpp
› Compiling expo-modules-core Pods/ExpoModulesCore » LazyObject.cpp
› Compiling expo-modules-core Pods/ExpoModulesCore » JSIUtils.cpp
› Compiling expo-modules-core Pods/ExpoModulesCore » ExpoModulesHostObject.mm
› Compiling expo-modules-core Pods/ExpoModulesCore » ExpoModulesCore-dummy.m
› Compiling expo-modules-core Pods/ExpoModulesCore » ExpoBridgeModule.mm
› Compiling expo-modules-core Pods/ExpoModulesCore » EventEmitter.cpp
› Compiling expo-modules-core Pods/ExpoModulesCore » EXSharedObjectUtils.mm
› Compiling expo-modules-core Pods/ExpoModulesCore » EXReactRootViewFactory.mm
› Compiling expo-modules-core Pods/ExpoModulesCore » EXReactNativeAdapter.mm
› Compiling expo-modules-core Pods/ExpoModulesCore » EXReactDelegateWrapper.mm
› Compiling expo-modules-core Pods/ExpoModulesCore » EXRawJavaScriptFunction.mm
› Compiling expo-modules-core Pods/ExpoModulesCore » EXNativeModulesProxy.mm
› Compiling expo-modules-core Pods/ExpoModulesCore » EXJavaScriptWeakObject.mm
› Compiling expo-modules-core Pods/ExpoModulesCore » EXJavaScriptValue.mm
› Compiling expo-modules-core Pods/ExpoModulesCore » EXJavaScriptTypedArray.mm
› Compiling expo-modules-core Pods/ExpoModulesCore » EXJavaScriptRuntime.mm
› Compiling expo-modules-core Pods/ExpoModulesCore » EXJavaScriptObject.mm
› Compiling expo-modules-core Pods/ExpoModulesCore » EXJSIUtils.mm
› Compiling expo-modules-core Pods/ExpoModulesCore » EXJSIInstaller.mm
› Compiling expo-modules-core Pods/ExpoModulesCore » EXJSIConversions.mm
› Compiling expo-modules-core Pods/ExpoModulesCore » EXAppDelegateWrapper.mm
› Compiling expo-modules-core Pods/ExpoModulesCore » EXPermissionsMethodsDelegate.m
› Compiling expo-modules-core Pods/ExpoModulesCore » EXUtilities.m
› Compiling expo-modules-core Pods/ExpoModulesCore » EXSingletonModule.m
› Compiling expo-modules-core Pods/ExpoModulesCore » EXPermissionsService.m
› Compiling expo-modules-core Pods/ExpoModulesCore » EXReactNativeUserNotificationCenterProxy.m
› Compiling expo-modules-core Pods/ExpoModulesCore » EXLegacyAppDelegateWrapper.m
› Compiling expo-modules-core Pods/ExpoModulesCore » EXLogManager.m
› Compiling expo-modules-core Pods/ExpoModulesCore » EXExportedModule.m
› Compiling expo-modules-core Pods/ExpoModulesCore » EXAppDelegatesLoader.m
› Compiling expo-modules-core Pods/ExpoModulesCore » EXAppDefines.m
› Compiling expo-modules-core Pods/ExpoModulesCore » RCTComponentData+Privates.m
› Compiling expo-modules-core Pods/ExpoModulesCore » EXReactLogHandler.m
› Compiling expo-modules-core Pods/ExpoModulesCore » EXModuleRegistryHolderReactModule.m
› Compiling expo-modules-core Pods/ExpoModulesCore » EXModuleRegistryProvider.m
› Compiling expo-modules-core Pods/ExpoModulesCore » EXReactNativeEventEmitter.m
    pointer is missing a nullability type specifier (_Nonnull, _Nullable, or _Null_unspecified) [-Wnullability-completeness]
› Compiling expo-modules-core Pods/ExpoModulesCore » EXModuleRegistryAdapter.m
› Compiling expo-modules-core Pods/ExpoModulesCore » EXModuleRegistry.m
› Packaging expo-modules-core Pods/ExpoModulesCore » libExpoModulesCore.a
› Executing expo-modules-core Pods/ExpoModulesCore » Copy generated compatibility header
› Compiling expo Pods/Expo » Expo-dummy.m
› Compiling expo-image-loader Pods/EXImageLoader » EXImageLoader.m
› Compiling expo-image-loader Pods/EXImageLoader » EXImageLoader-dummy.m
› Compiling expo Pods/Expo » EXAppDefinesLoader.m
› Compiling expo-av Pods/EXAV » EXAudioSampleCallback.mm
› Compiling expo-av Pods/EXAV » EXAV+AudioSampleCallback.mm
› Compiling expo-av Pods/EXAV » CallbackWrapper.mm
› Compiling expo-av Pods/EXAV » AudioSampleCallbackWrapper.mm
› Compiling expo-keep-awake Pods/ExpoKeepAwake » ExpoKeepAwake-dummy.m
› Packaging expo-keep-awake Pods/ExpoKeepAwake » libExpoKeepAwake.a
› Compiling expo-haptics Pods/ExpoHaptics » ExpoHaptics-dummy.m
› Compiling expo-font Pods/ExpoFont » ExpoFont-dummy.m
› Packaging expo-haptics Pods/ExpoHaptics » libExpoHaptics.a
› Packaging expo-font Pods/ExpoFont » libExpoFont.a
› Compiling expo-av Pods/EXAV » EXVideoView.m
› Compiling expo-file-system Pods/ExpoFileSystem » NSData+EXFileSystem.m
› Compiling expo-file-system Pods/ExpoFileSystem » EXSessionTaskDispatcher.m
› Compiling expo-file-system Pods/ExpoFileSystem » EXSessionUploadTaskDelegate.m
› Compiling expo-file-system Pods/ExpoFileSystem » EXTaskHandlersManager.m
› Compiling expo-file-system Pods/ExpoFileSystem » EXSessionTaskDelegate.m
› Compiling expo-file-system Pods/ExpoFileSystem » EXSessionResumableDownloadTaskDelegate.m
› Compiling expo-file-system Pods/ExpoFileSystem » ExpoFileSystem-dummy.m
› Compiling expo-file-system Pods/ExpoFileSystem » EXSessionHandler.m
› Compiling expo-file-system Pods/ExpoFileSystem » EXSessionCancelableUploadTaskDelegate.m
› Compiling expo-file-system Pods/ExpoFileSystem » EXSessionDownloadTaskDelegate.m
› Packaging expo Pods/Expo » libExpo.a
› Packaging expo-image-loader Pods/EXImageLoader » libEXImageLoader.a
› Executing expo-constants Pods/EXConstants » [CP-User] Generate app.config for prebuilt Constants.manifest
› Compiling expo-av Pods/EXAV » EXVideoPlayerViewController.m
› Compiling expo-av Pods/EXAV » EXAudioRecordingPermissionRequester.m
› Compiling expo-av Pods/EXAV » EXAudioSessionManager.m
› Compiling expo-av Pods/EXAV » EXAVPlayerData.m
› Compiling expo-file-system Pods/ExpoFileSystem » EXFileSystemLocalFileHandler.m
› Executing expo-keep-awake Pods/ExpoKeepAwake » Copy generated compatibility header
› Executing expo-haptics Pods/ExpoHaptics » Copy generated compatibility header
› Executing expo-font Pods/ExpoFont » Copy generated compatibility header
› Compiling expo-av Pods/EXAV » EXAV-dummy.m
› Compiling expo-file-system Pods/ExpoFileSystem » EXFileSystemAssetLibraryHandler.m
› Compiling expo-av Pods/EXAV » EXAV.m
› Packaging expo-file-system Pods/ExpoFileSystem » libExpoFileSystem.a
› Executing expo-file-system Pods/ExpoFileSystem » Copy generated compatibility header
› Packaging expo-av Pods/EXAV » libEXAV.a
› Executing expo-av Pods/EXAV » Copy generated compatibility header
› Compiling expo-asset Pods/ExpoAsset » ExpoAsset-dummy.m
› Packaging expo-asset Pods/ExpoAsset » libExpoAsset.a
› Executing expo-asset Pods/ExpoAsset » Copy generated compatibility header
› Compiling expo-image-manipulator Pods/ExpoImageManipulator » ExpoImageManipulator-dummy.m
› Packaging expo-image-manipulator Pods/ExpoImageManipulator » libExpoImageManipulator.a
› Executing expo-image-manipulator Pods/ExpoImageManipulator » Copy generated compatibility header
› Compiling expo-constants Pods/EXConstants » EXConstantsService.m
› Compiling expo-constants Pods/EXConstants » EXConstants-dummy.m
› Compiling expo-constants Pods/EXConstants » EXConstantsInstallationIdProvider.m
› Packaging expo-constants Pods/EXConstants » libEXConstants.a
› Executing expo-constants Pods/EXConstants » Copy generated compatibility header
› Compiling Pods/Pods-Sonarly » Pods-Sonarly-dummy.m
› Packaging Pods/Pods-Sonarly » libPods-Sonarly.a
› Executing Sonarly » [CP] Check Pods Manifest.lock
› Executing Sonarly » [Expo] Configure project
› Linking   Sonarly » __preview.dylib
› Copying   ../Library/Developer/Xcode/DerivedData/Sonarly-afxferxohtijqxctfngzyxauleol/Build/Products/Debug-iphonesimulator/Sonarly.app/PrivacyInfo.xcprivacy ➜ ios/Sonarly/PrivacyInfo.xcprivacy
› Copying   ios/Sonarly/Supporting/Expo.plist ➜ ./Expo.plist
› Compiling Sonarly » SplashScreen.storyboard
› Compiling Sonarly » AppDelegate.mm
› Compiling Sonarly » Sonarly_vers.c
› Compiling Sonarly » PPGFrameProcessor.m

❌  (ios/Sonarly/PPGFrameProcessor.m:52:43)

  50 |                                           withInitializer:^FrameProcessorPlugin*(NSDictionary* options) {
  51 |         NSLog(@"✅ PPG Frame processor initialized");
> 52 |         return [[PPGFrameProcessor alloc] init];
     |                                           ^ 'init' is unavailable
  53 |     }];
  54 |     
  55 |     NSLog(@"✅ PPG Frame processor registered as 'detectPPG'");


❌  (ios/Sonarly/PPGFrameProcessor.m:50:59)

  48 |     // Register the frame processor plugin
  49 |     [FrameProcessorPluginRegistry addFrameProcessorPlugin:@"detectPPG"
> 50 |                                           withInitializer:^FrameProcessorPlugin*(NSDictionary* options) {
     |                                                           ^ incompatible block pointer types sending 'FrameProcessorPlugin *(NSDictionary *__strong)' to parameter of type 'PluginInitializerFunction _Nonnull' (aka 'FrameProcessorPlugin * _Nonnull (^)(VisionCameraProxyHolder * _Nonnull __strong, NSDictionary * _Nullable __strong)')
  51 |         NSLog(@"✅ PPG Frame processor initialized");
  52 |         return [[PPGFrameProcessor alloc] init];
  53 |     }];

    Run script build phase '[CP-User] [Hermes] Replace Hermes for the right configuration, if needed' will be run during every build because it does not specify any outputs. To address this issue, either add output dependencies to the script phase, or configure it to run in every build by unchecking "Based on dependency analysis" in the script phase. (in target 'hermes-engine' from project 'Pods')
    Run script build phase '[CP-User] [RN]Check rncore' will be run during every build because it does not specify any outputs. To address this issue, either add output dependencies to the script phase, or configure it to run in every build by unchecking "Based on dependency analysis" in the script phase. (in target 'React-Fabric' from project 'Pods')
    Run script build phase '[CP-User] Generate app.config for prebuilt Constants.manifest' will be run during every build because it does not specify any outputs. To address this issue, either add output dependencies to the script phase, or configure it to run in every build by unchecking "Based on dependency analysis" in the script phase. (in target 'EXConstants' from project 'Pods')

› 2 error(s), and 4 warning(s)

CommandError: Failed to build iOS project. "xcodebuild" exited with error code 65.
